Archive member included because of file (symbol)

d:/program_files/coocox/gnu tools arm embedded/4.7 2013q3/bin/../lib/gcc/arm-none-eabi/4.7.4/armv6-m\libgcc.a(_udivsi3.o)
                              ..\obj\stm32f0xx_rcc.o (__aeabi_uidiv)
d:/program_files/coocox/gnu tools arm embedded/4.7 2013q3/bin/../lib/gcc/arm-none-eabi/4.7.4/armv6-m\libgcc.a(_dvmd_tls.o)
                              d:/program_files/coocox/gnu tools arm embedded/4.7 2013q3/bin/../lib/gcc/arm-none-eabi/4.7.4/armv6-m\libgcc.a(_udivsi3.o) (__aeabi_idiv0)

Allocating common symbols
Common symbol       size              file

SoundChannel        0x30              ..\obj\main.o
ADCBuffer           0x2               ..\obj\main.o
NumberChannel       0x1               ..\obj\main.o

Discarded input sections

 .text          0x00000000        0x0 ..\obj\stm32f0xx_rcc.o
 .data          0x00000000       0x10 ..\obj\stm32f0xx_rcc.o
 .bss           0x00000000        0x0 ..\obj\stm32f0xx_rcc.o
 .text.RCC_AdjustHSICalibrationValue
                0x00000000       0x3c ..\obj\stm32f0xx_rcc.o
 .text.RCC_AdjustHSI14CalibrationValue
                0x00000000       0x3c ..\obj\stm32f0xx_rcc.o
 .text.RCC_HSI14Cmd
                0x00000000       0x38 ..\obj\stm32f0xx_rcc.o
 .text.RCC_HSI14ADCRequestCmd
                0x00000000       0x38 ..\obj\stm32f0xx_rcc.o
 .text.RCC_LSEConfig
                0x00000000       0x38 ..\obj\stm32f0xx_rcc.o
 .text.RCC_LSEDriveConfig
                0x00000000       0x2c ..\obj\stm32f0xx_rcc.o
 .text.RCC_LSICmd
                0x00000000       0x38 ..\obj\stm32f0xx_rcc.o
 .text.RCC_ClockSecuritySystemCmd
                0x00000000       0x40 ..\obj\stm32f0xx_rcc.o
 .text.RCC_CECCLKConfig
                0x00000000       0x2c ..\obj\stm32f0xx_rcc.o
 .text.RCC_USARTCLKConfig
                0x00000000       0x2c ..\obj\stm32f0xx_rcc.o
 .text.RCC_GetClocksFreq
                0x00000000      0x1cc ..\obj\stm32f0xx_rcc.o
 .text.RCC_RTCCLKConfig
                0x00000000       0x20 ..\obj\stm32f0xx_rcc.o
 .text.RCC_RTCCLKCmd
                0x00000000       0x40 ..\obj\stm32f0xx_rcc.o
 .text.RCC_BackupResetCmd
                0x00000000       0x40 ..\obj\stm32f0xx_rcc.o
 .text.RCC_AHBPeriphResetCmd
                0x00000000       0x3c ..\obj\stm32f0xx_rcc.o
 .text.RCC_APB2PeriphResetCmd
                0x00000000       0x3c ..\obj\stm32f0xx_rcc.o
 .text.RCC_APB1PeriphResetCmd
                0x00000000       0x3c ..\obj\stm32f0xx_rcc.o
 .text.RCC_ITConfig
                0x00000000       0x50 ..\obj\stm32f0xx_rcc.o
 .text.RCC_ClearFlag
                0x00000000       0x1c ..\obj\stm32f0xx_rcc.o
 .text.RCC_GetITStatus
                0x00000000       0x44 ..\obj\stm32f0xx_rcc.o
 .text.RCC_ClearITPendingBit
                0x00000000       0x20 ..\obj\stm32f0xx_rcc.o
 .text          0x00000000        0x0 ..\obj\stm32f0xx_adc.o
 .data          0x00000000        0x0 ..\obj\stm32f0xx_adc.o
 .bss           0x00000000        0x0 ..\obj\stm32f0xx_adc.o
 .text.ADC_DeInit
                0x00000000       0x34 ..\obj\stm32f0xx_adc.o
 .text.ADC_Init
                0x00000000       0x58 ..\obj\stm32f0xx_adc.o
 .text.ADC_StructInit
                0x00000000       0x34 ..\obj\stm32f0xx_adc.o
 .text.ADC_Cmd  0x00000000       0x38 ..\obj\stm32f0xx_adc.o
 .text.ADC_JitterCmd
                0x00000000       0x38 ..\obj\stm32f0xx_adc.o
 .text.ADC_AutoPowerOffCmd
                0x00000000       0x3c ..\obj\stm32f0xx_adc.o
 .text.ADC_WaitModeCmd
                0x00000000       0x3c ..\obj\stm32f0xx_adc.o
 .text.ADC_AnalogWatchdogCmd
                0x00000000       0x3c ..\obj\stm32f0xx_adc.o
 .text.ADC_AnalogWatchdogThresholdsConfig
                0x00000000       0x28 ..\obj\stm32f0xx_adc.o
 .text.ADC_AnalogWatchdogSingleChannelConfig
                0x00000000       0x34 ..\obj\stm32f0xx_adc.o
 .text.ADC_AnalogWatchdogSingleChannelCmd
                0x00000000       0x3c ..\obj\stm32f0xx_adc.o
 .text.ADC_TempSensorCmd
                0x00000000       0x40 ..\obj\stm32f0xx_adc.o
 .text.ADC_VrefintCmd
                0x00000000       0x40 ..\obj\stm32f0xx_adc.o
 .text.ADC_VbatCmd
                0x00000000       0x40 ..\obj\stm32f0xx_adc.o
 .text.ADC_ChannelConfig
                0x00000000       0x38 ..\obj\stm32f0xx_adc.o
 .text.ADC_ContinuousModeCmd
                0x00000000       0x3c ..\obj\stm32f0xx_adc.o
 .text.ADC_DiscModeCmd
                0x00000000       0x3c ..\obj\stm32f0xx_adc.o
 .text.ADC_OverrunModeCmd
                0x00000000       0x3c ..\obj\stm32f0xx_adc.o
 .text.ADC_GetCalibrationFactor
                0x00000000       0x60 ..\obj\stm32f0xx_adc.o
 .text.ADC_StopOfConversion
                0x00000000       0x1c ..\obj\stm32f0xx_adc.o
 .text.ADC_StartOfConversion
                0x00000000       0x1c ..\obj\stm32f0xx_adc.o
 .text.ADC_GetConversionValue
                0x00000000       0x18 ..\obj\stm32f0xx_adc.o
 .text.ADC_DMACmd
                0x00000000       0x3c ..\obj\stm32f0xx_adc.o
 .text.ADC_DMARequestModeConfig
                0x00000000       0x2c ..\obj\stm32f0xx_adc.o
 .text.ADC_ITConfig
                0x00000000       0x38 ..\obj\stm32f0xx_adc.o
 .text.ADC_GetFlagStatus
                0x00000000       0x60 ..\obj\stm32f0xx_adc.o
 .text.ADC_ClearFlag
                0x00000000       0x18 ..\obj\stm32f0xx_adc.o
 .text.ADC_GetITStatus
                0x00000000       0x50 ..\obj\stm32f0xx_adc.o
 .text.ADC_ClearITPendingBit
                0x00000000       0x18 ..\obj\stm32f0xx_adc.o
 .debug_info    0x00000000      0x927 ..\obj\stm32f0xx_adc.o
 .debug_abbrev  0x00000000      0x18a ..\obj\stm32f0xx_adc.o
 .debug_loc     0x00000000      0x658 ..\obj\stm32f0xx_adc.o
 .debug_aranges
                0x00000000      0x100 ..\obj\stm32f0xx_adc.o
 .debug_ranges  0x00000000       0xf0 ..\obj\stm32f0xx_adc.o
 .debug_line    0x00000000      0x3ec ..\obj\stm32f0xx_adc.o
 .debug_str     0x00000000      0x555 ..\obj\stm32f0xx_adc.o
 .comment       0x00000000       0x71 ..\obj\stm32f0xx_adc.o
 .ARM.attributes
                0x00000000       0x31 ..\obj\stm32f0xx_adc.o
 .debug_frame   0x00000000      0x3b0 ..\obj\stm32f0xx_adc.o
 .text          0x00000000        0x0 ..\obj\main.o
 .data          0x00000000        0x0 ..\obj\main.o
 .bss           0x00000000        0x0 ..\obj\main.o
 .text.ADC_Configuration
                0x00000000       0xa4 ..\obj\main.o
 .text.DMA_Configuration
                0x00000000       0x80 ..\obj\main.o
 .text.SPI_Configuration
                0x00000000       0x68 ..\obj\main.o
 .text.Delay    0x00000000       0x1c ..\obj\main.o
 .text          0x00000000       0x14 ..\obj\startup_stm32f0xx.o
 .data          0x00000000        0x0 ..\obj\startup_stm32f0xx.o
 .bss           0x00000000        0x0 ..\obj\startup_stm32f0xx.o
 .text          0x00000000        0x0 ..\obj\stm32f0xx_dma.o
 .data          0x00000000        0x0 ..\obj\stm32f0xx_dma.o
 .bss           0x00000000        0x0 ..\obj\stm32f0xx_dma.o
 .text.DMA_DeInit
                0x00000000       0xc0 ..\obj\stm32f0xx_dma.o
 .text.DMA_Init
                0x00000000       0x78 ..\obj\stm32f0xx_dma.o
 .text.DMA_StructInit
                0x00000000       0x50 ..\obj\stm32f0xx_dma.o
 .text.DMA_Cmd  0x00000000       0x3c ..\obj\stm32f0xx_dma.o
 .text.DMA_SetCurrDataCounter
                0x00000000       0x1c ..\obj\stm32f0xx_dma.o
 .text.DMA_GetCurrDataCounter
                0x00000000       0x18 ..\obj\stm32f0xx_dma.o
 .text.DMA_ITConfig
                0x00000000       0x38 ..\obj\stm32f0xx_dma.o
 .text.DMA_GetFlagStatus
                0x00000000       0x40 ..\obj\stm32f0xx_dma.o
 .text.DMA_ClearFlag
                0x00000000       0x18 ..\obj\stm32f0xx_dma.o
 .text.DMA_GetITStatus
                0x00000000       0x40 ..\obj\stm32f0xx_dma.o
 .text.DMA_ClearITPendingBit
                0x00000000       0x18 ..\obj\stm32f0xx_dma.o
 .debug_info    0x00000000      0x46a ..\obj\stm32f0xx_dma.o
 .debug_abbrev  0x00000000      0x15e ..\obj\stm32f0xx_dma.o
 .debug_loc     0x00000000      0x268 ..\obj\stm32f0xx_dma.o
 .debug_aranges
                0x00000000       0x70 ..\obj\stm32f0xx_dma.o
 .debug_ranges  0x00000000       0x60 ..\obj\stm32f0xx_dma.o
 .debug_line    0x00000000      0x27c ..\obj\stm32f0xx_dma.o
 .debug_str     0x00000000      0x353 ..\obj\stm32f0xx_dma.o
 .comment       0x00000000       0x71 ..\obj\stm32f0xx_dma.o
 .ARM.attributes
                0x00000000       0x31 ..\obj\stm32f0xx_dma.o
 .debug_frame   0x00000000      0x170 ..\obj\stm32f0xx_dma.o
 .text          0x00000000        0x0 ..\obj\stm32f0xx_spi.o
 .data          0x00000000        0x0 ..\obj\stm32f0xx_spi.o
 .bss           0x00000000        0x0 ..\obj\stm32f0xx_spi.o
 .text.SPI_I2S_DeInit
                0x00000000       0x58 ..\obj\stm32f0xx_spi.o
 .text.SPI_StructInit
                0x00000000       0x48 ..\obj\stm32f0xx_spi.o
 .text.SPI_Init
                0x00000000      0x104 ..\obj\stm32f0xx_spi.o
 .text.I2S_StructInit
                0x00000000       0x34 ..\obj\stm32f0xx_spi.o
 .text.I2S_Init
                0x00000000      0x1c0 ..\obj\stm32f0xx_spi.o
 .text.SPI_Cmd  0x00000000       0x40 ..\obj\stm32f0xx_spi.o
 .text.SPI_TIModeCmd
                0x00000000       0x40 ..\obj\stm32f0xx_spi.o
 .text.I2S_Cmd  0x00000000       0x44 ..\obj\stm32f0xx_spi.o
 .text.SPI_DataSizeConfig
                0x00000000       0x58 ..\obj\stm32f0xx_spi.o
 .text.SPI_RxFIFOThresholdConfig
                0x00000000       0x3c ..\obj\stm32f0xx_spi.o
 .text.SPI_BiDirectionalLineConfig
                0x00000000       0x48 ..\obj\stm32f0xx_spi.o
 .text.SPI_NSSInternalSoftwareConfig
                0x00000000       0x4c ..\obj\stm32f0xx_spi.o
 .text.SPI_SSOutputCmd
                0x00000000       0x40 ..\obj\stm32f0xx_spi.o
 .text.SPI_NSSPulseModeCmd
                0x00000000       0x40 ..\obj\stm32f0xx_spi.o
 .text.SPI_SendData8
                0x00000000       0x2c ..\obj\stm32f0xx_spi.o
 .text.SPI_I2S_SendData16
                0x00000000       0x1c ..\obj\stm32f0xx_spi.o
 .text.SPI_ReceiveData8
                0x00000000       0x24 ..\obj\stm32f0xx_spi.o
 .text.SPI_I2S_ReceiveData16
                0x00000000       0x18 ..\obj\stm32f0xx_spi.o
 .text.SPI_CRCLengthConfig
                0x00000000       0x3c ..\obj\stm32f0xx_spi.o
 .text.SPI_CalculateCRC
                0x00000000       0x44 ..\obj\stm32f0xx_spi.o
 .text.SPI_TransmitCRC
                0x00000000       0x20 ..\obj\stm32f0xx_spi.o
 .text.SPI_GetCRC
                0x00000000       0x44 ..\obj\stm32f0xx_spi.o
 .text.SPI_GetCRCPolynomial
                0x00000000       0x18 ..\obj\stm32f0xx_spi.o
 .text.SPI_I2S_DMACmd
                0x00000000       0x48 ..\obj\stm32f0xx_spi.o
 .text.SPI_LastDMATransferCmd
                0x00000000       0x3c ..\obj\stm32f0xx_spi.o
 .text.SPI_I2S_ITConfig
                0x00000000       0x7c ..\obj\stm32f0xx_spi.o
 .text.SPI_GetTransmissionFIFOStatus
                0x00000000       0x20 ..\obj\stm32f0xx_spi.o
 .text.SPI_GetReceptionFIFOStatus
                0x00000000       0x20 ..\obj\stm32f0xx_spi.o
 .text.SPI_I2S_GetFlagStatus
                0x00000000       0x48 ..\obj\stm32f0xx_spi.o
 .text.SPI_I2S_ClearFlag
                0x00000000       0x20 ..\obj\stm32f0xx_spi.o
 .text.SPI_I2S_GetITStatus
                0x00000000       0xb0 ..\obj\stm32f0xx_spi.o
 .debug_info    0x00000000      0xb56 ..\obj\stm32f0xx_spi.o
 .debug_abbrev  0x00000000      0x1a3 ..\obj\stm32f0xx_spi.o
 .debug_loc     0x00000000      0x6ca ..\obj\stm32f0xx_spi.o
 .debug_aranges
                0x00000000      0x110 ..\obj\stm32f0xx_spi.o
 .debug_ranges  0x00000000      0x100 ..\obj\stm32f0xx_spi.o
 .debug_line    0x00000000      0x450 ..\obj\stm32f0xx_spi.o
 .debug_str     0x00000000      0x6a6 ..\obj\stm32f0xx_spi.o
 .comment       0x00000000       0x71 ..\obj\stm32f0xx_spi.o
 .ARM.attributes
                0x00000000       0x31 ..\obj\stm32f0xx_spi.o
 .debug_frame   0x00000000      0x3f0 ..\obj\stm32f0xx_spi.o
 .text          0x00000000        0x0 ..\obj\stm32f0xx_gpio.o
 .data          0x00000000        0x0 ..\obj\stm32f0xx_gpio.o
 .bss           0x00000000        0x0 ..\obj\stm32f0xx_gpio.o
 .text.GPIO_DeInit
                0x00000000       0xc8 ..\obj\stm32f0xx_gpio.o
 .text.GPIO_StructInit
                0x00000000       0x30 ..\obj\stm32f0xx_gpio.o
 .text.GPIO_PinLockConfig
                0x00000000       0x44 ..\obj\stm32f0xx_gpio.o
 .text.GPIO_ReadInputDataBit
                0x00000000       0x48 ..\obj\stm32f0xx_gpio.o
 .text.GPIO_ReadInputData
                0x00000000       0x18 ..\obj\stm32f0xx_gpio.o
 .text.GPIO_ReadOutputDataBit
                0x00000000       0x48 ..\obj\stm32f0xx_gpio.o
 .text.GPIO_ReadOutputData
                0x00000000       0x18 ..\obj\stm32f0xx_gpio.o
 .text.GPIO_SetBits
                0x00000000       0x1c ..\obj\stm32f0xx_gpio.o
 .text.GPIO_ResetBits
                0x00000000       0x1c ..\obj\stm32f0xx_gpio.o
 .text.GPIO_WriteBit
                0x00000000       0x30 ..\obj\stm32f0xx_gpio.o
 .text.GPIO_Write
                0x00000000       0x1c ..\obj\stm32f0xx_gpio.o
 .text.GPIO_PinAFConfig
                0x00000000       0x9c ..\obj\stm32f0xx_gpio.o
 .text          0x00000000        0x0 ..\obj\stm32f0xx_tim.o
 .data          0x00000000        0x0 ..\obj\stm32f0xx_tim.o
 .bss           0x00000000        0x0 ..\obj\stm32f0xx_tim.o
 .text.TIM_DeInit
                0x00000000      0x124 ..\obj\stm32f0xx_tim.o
 .text.TIM_TimeBaseStructInit
                0x00000000       0x30 ..\obj\stm32f0xx_tim.o
 .text.TIM_PrescalerConfig
                0x00000000       0x28 ..\obj\stm32f0xx_tim.o
 .text.TIM_CounterModeConfig
                0x00000000       0x54 ..\obj\stm32f0xx_tim.o
 .text.TIM_SetCounter
                0x00000000       0x18 ..\obj\stm32f0xx_tim.o
 .text.TIM_SetAutoreload
                0x00000000       0x18 ..\obj\stm32f0xx_tim.o
 .text.TIM_GetCounter
                0x00000000       0x14 ..\obj\stm32f0xx_tim.o
 .text.TIM_GetPrescaler
                0x00000000       0x18 ..\obj\stm32f0xx_tim.o
 .text.TIM_UpdateDisableConfig
                0x00000000       0x40 ..\obj\stm32f0xx_tim.o
 .text.TIM_UpdateRequestConfig
                0x00000000       0x40 ..\obj\stm32f0xx_tim.o
 .text.TIM_ARRPreloadConfig
                0x00000000       0x40 ..\obj\stm32f0xx_tim.o
 .text.TIM_SelectOnePulseMode
                0x00000000       0x38 ..\obj\stm32f0xx_tim.o
 .text.TIM_SetClockDivision
                0x00000000       0x3c ..\obj\stm32f0xx_tim.o
 .text.TIM_BDTRConfig
                0x00000000       0x4c ..\obj\stm32f0xx_tim.o
 .text.TIM_BDTRStructInit
                0x00000000       0x38 ..\obj\stm32f0xx_tim.o
 .text.TIM_CtrlPWMOutputs
                0x00000000       0x4c ..\obj\stm32f0xx_tim.o
 .text.TIM_OC1Init
                0x00000000      0x1a4 ..\obj\stm32f0xx_tim.o
 .text.TIM_OC2Init
                0x00000000      0x1a4 ..\obj\stm32f0xx_tim.o
 .text.TIM_OC3Init
                0x00000000      0x1a8 ..\obj\stm32f0xx_tim.o
 .text.TIM_OC4Init
                0x00000000      0x134 ..\obj\stm32f0xx_tim.o
 .text.TIM_OCStructInit
                0x00000000       0x40 ..\obj\stm32f0xx_tim.o
 .text.TIM_SelectOCxM
                0x00000000       0xc0 ..\obj\stm32f0xx_tim.o
 .text.TIM_SetCompare1
                0x00000000       0x18 ..\obj\stm32f0xx_tim.o
 .text.TIM_SetCompare2
                0x00000000       0x18 ..\obj\stm32f0xx_tim.o
 .text.TIM_SetCompare3
                0x00000000       0x18 ..\obj\stm32f0xx_tim.o
 .text.TIM_SetCompare4
                0x00000000       0x18 ..\obj\stm32f0xx_tim.o
 .text.TIM_ForcedOC1Config
                0x00000000       0x54 ..\obj\stm32f0xx_tim.o
 .text.TIM_ForcedOC2Config
                0x00000000       0x5c ..\obj\stm32f0xx_tim.o
 .text.TIM_ForcedOC3Config
                0x00000000       0x54 ..\obj\stm32f0xx_tim.o
 .text.TIM_ForcedOC4Config
                0x00000000       0x5c ..\obj\stm32f0xx_tim.o
 .text.TIM_CCPreloadControl
                0x00000000       0x40 ..\obj\stm32f0xx_tim.o
 .text.TIM_OC1PreloadConfig
                0x00000000       0x54 ..\obj\stm32f0xx_tim.o
 .text.TIM_OC2PreloadConfig
                0x00000000       0x5c ..\obj\stm32f0xx_tim.o
 .text.TIM_OC3PreloadConfig
                0x00000000       0x54 ..\obj\stm32f0xx_tim.o
 .text.TIM_OC4PreloadConfig
                0x00000000       0x5c ..\obj\stm32f0xx_tim.o
 .text.TIM_OC1FastConfig
                0x00000000       0x54 ..\obj\stm32f0xx_tim.o
 .text.TIM_OC2FastConfig
                0x00000000       0x5c ..\obj\stm32f0xx_tim.o
 .text.TIM_OC3FastConfig
                0x00000000       0x54 ..\obj\stm32f0xx_tim.o
 .text.TIM_OC4FastConfig
                0x00000000       0x5c ..\obj\stm32f0xx_tim.o
 .text.TIM_ClearOC1Ref
                0x00000000       0x54 ..\obj\stm32f0xx_tim.o
 .text.TIM_ClearOC2Ref
                0x00000000       0x58 ..\obj\stm32f0xx_tim.o
 .text.TIM_ClearOC3Ref
                0x00000000       0x54 ..\obj\stm32f0xx_tim.o
 .text.TIM_ClearOC4Ref
                0x00000000       0x58 ..\obj\stm32f0xx_tim.o
 .text.TIM_OC1PolarityConfig
                0x00000000       0x54 ..\obj\stm32f0xx_tim.o
 .text.TIM_OC1NPolarityConfig
                0x00000000       0x54 ..\obj\stm32f0xx_tim.o
 .text.TIM_OC2PolarityConfig
                0x00000000       0x58 ..\obj\stm32f0xx_tim.o
 .text.TIM_OC2NPolarityConfig
                0x00000000       0x58 ..\obj\stm32f0xx_tim.o
 .text.TIM_OC3PolarityConfig
                0x00000000       0x5c ..\obj\stm32f0xx_tim.o
 .text.TIM_OC3NPolarityConfig
                0x00000000       0x5c ..\obj\stm32f0xx_tim.o
 .text.TIM_OC4PolarityConfig
                0x00000000       0x5c ..\obj\stm32f0xx_tim.o
 .text.TIM_SelectOCREFClear
                0x00000000       0x38 ..\obj\stm32f0xx_tim.o
 .text.TIM_CCxCmd
                0x00000000       0x64 ..\obj\stm32f0xx_tim.o
 .text.TIM_CCxNCmd
                0x00000000       0x64 ..\obj\stm32f0xx_tim.o
 .text.TIM_SelectCOM
                0x00000000       0x40 ..\obj\stm32f0xx_tim.o
 .text.TIM_ICInit
                0x00000000       0xb0 ..\obj\stm32f0xx_tim.o
 .text.TIM_ICStructInit
                0x00000000       0x2c ..\obj\stm32f0xx_tim.o
 .text.TIM_PWMIConfig
                0x00000000       0xe8 ..\obj\stm32f0xx_tim.o
 .text.TIM_GetCapture1
                0x00000000       0x14 ..\obj\stm32f0xx_tim.o
 .text.TIM_GetCapture2
                0x00000000       0x14 ..\obj\stm32f0xx_tim.o
 .text.TIM_GetCapture3
                0x00000000       0x14 ..\obj\stm32f0xx_tim.o
 .text.TIM_GetCapture4
                0x00000000       0x14 ..\obj\stm32f0xx_tim.o
 .text.TIM_SetIC1Prescaler
                0x00000000       0x38 ..\obj\stm32f0xx_tim.o
 .text.TIM_SetIC2Prescaler
                0x00000000       0x40 ..\obj\stm32f0xx_tim.o
 .text.TIM_SetIC3Prescaler
                0x00000000       0x38 ..\obj\stm32f0xx_tim.o
 .text.TIM_SetIC4Prescaler
                0x00000000       0x40 ..\obj\stm32f0xx_tim.o
 .text.TIM_GenerateEvent
                0x00000000       0x1c ..\obj\stm32f0xx_tim.o
 .text.TIM_GetFlagStatus
                0x00000000       0x48 ..\obj\stm32f0xx_tim.o
 .text.TIM_GetITStatus
                0x00000000       0x80 ..\obj\stm32f0xx_tim.o
 .text.TIM_DMAConfig
                0x00000000       0x28 ..\obj\stm32f0xx_tim.o
 .text.TIM_DMACmd
                0x00000000       0x48 ..\obj\stm32f0xx_tim.o
 .text.TIM_SelectCCDMA
                0x00000000       0x40 ..\obj\stm32f0xx_tim.o
 .text.TIM_InternalClockConfig
                0x00000000       0x20 ..\obj\stm32f0xx_tim.o
 .text.TIM_ITRxExternalClockConfig
                0x00000000       0x34 ..\obj\stm32f0xx_tim.o
 .text.TIM_TIxExternalClockConfig
                0x00000000       0x7c ..\obj\stm32f0xx_tim.o
 .text.TIM_ETRClockMode1Config
                0x00000000       0x98 ..\obj\stm32f0xx_tim.o
 .text.TIM_ETRClockMode2Config
                0x00000000       0x4c ..\obj\stm32f0xx_tim.o
 .text.TIM_SelectInputTrigger
                0x00000000       0x54 ..\obj\stm32f0xx_tim.o
 .text.TIM_SelectSlaveMode
                0x00000000       0x38 ..\obj\stm32f0xx_tim.o
 .text.TIM_SelectMasterSlaveMode
                0x00000000       0x38 ..\obj\stm32f0xx_tim.o
 .text.TIM_ETRConfig
                0x00000000       0x7c ..\obj\stm32f0xx_tim.o
 .text.TIM_EncoderInterfaceConfig
                0x00000000       0xf4 ..\obj\stm32f0xx_tim.o
 .text.TIM_SelectHallSensor
                0x00000000       0x40 ..\obj\stm32f0xx_tim.o
 .text.TIM_RemapConfig
                0x00000000       0x20 ..\obj\stm32f0xx_tim.o
 .text.TI1_Config
                0x00000000       0xc8 ..\obj\stm32f0xx_tim.o
 .text.TI2_Config
                0x00000000       0xf0 ..\obj\stm32f0xx_tim.o
 .text.TI3_Config
                0x00000000       0xe8 ..\obj\stm32f0xx_tim.o
 .text.TI4_Config
                0x00000000       0xf8 ..\obj\stm32f0xx_tim.o
 .text          0x00000000        0x0 ..\obj\system_stm32f0xx.o
 .data          0x00000000       0x14 ..\obj\system_stm32f0xx.o
 .bss           0x00000000        0x0 ..\obj\system_stm32f0xx.o
 .text.SystemCoreClockUpdate
                0x00000000       0xd0 ..\obj\system_stm32f0xx.o
 .text          0x00000000        0x0 ..\obj\stm32f0xx_flash.o
 .data          0x00000000        0x0 ..\obj\stm32f0xx_flash.o
 .bss           0x00000000        0x0 ..\obj\stm32f0xx_flash.o
 .text.FLASH_GetPrefetchBufferStatus
                0x00000000       0x34 ..\obj\stm32f0xx_flash.o
 .text.FLASH_Unlock
                0x00000000       0x2c ..\obj\stm32f0xx_flash.o
 .text.FLASH_Lock
                0x00000000       0x18 ..\obj\stm32f0xx_flash.o
 .text.FLASH_ErasePage
                0x00000000       0x7c ..\obj\stm32f0xx_flash.o
 .text.FLASH_EraseAllPages
                0x00000000       0x68 ..\obj\stm32f0xx_flash.o
 .text.FLASH_ProgramWord
                0x00000000       0xb0 ..\obj\stm32f0xx_flash.o
 .text.FLASH_ProgramHalfWord
                0x00000000       0x78 ..\obj\stm32f0xx_flash.o
 .text.FLASH_OB_Unlock
                0x00000000       0x2c ..\obj\stm32f0xx_flash.o
 .text.FLASH_OB_Lock
                0x00000000       0x1c ..\obj\stm32f0xx_flash.o
 .text.FLASH_OB_Launch
                0x00000000       0x1c ..\obj\stm32f0xx_flash.o
 .text.FLASH_OB_Erase
                0x00000000       0xd8 ..\obj\stm32f0xx_flash.o
 .text.FLASH_OB_EnableWRP
                0x00000000       0xf4 ..\obj\stm32f0xx_flash.o
 .text.FLASH_OB_RDPConfig
                0x00000000       0xdc ..\obj\stm32f0xx_flash.o
 .text.FLASH_OB_UserConfig
                0x00000000       0xa0 ..\obj\stm32f0xx_flash.o
 .text.FLASH_OB_BOOTConfig
                0x00000000       0x8c ..\obj\stm32f0xx_flash.o
 .text.FLASH_OB_VDDAConfig
                0x00000000       0x8c ..\obj\stm32f0xx_flash.o
 .text.FLASH_OB_SRAMParityConfig
                0x00000000       0x8c ..\obj\stm32f0xx_flash.o
 .text.FLASH_OB_WriteUser
                0x00000000       0x8c ..\obj\stm32f0xx_flash.o
 .text.FLASH_ProgramOptionByteData
                0x00000000       0x84 ..\obj\stm32f0xx_flash.o
 .text.FLASH_OB_GetUser
                0x00000000       0x18 ..\obj\stm32f0xx_flash.o
 .text.FLASH_OB_GetWRP
                0x00000000       0x14 ..\obj\stm32f0xx_flash.o
 .text.FLASH_OB_GetRDP
                0x00000000       0x38 ..\obj\stm32f0xx_flash.o
 .text.FLASH_ITConfig
                0x00000000       0x3c ..\obj\stm32f0xx_flash.o
 .text.FLASH_GetFlagStatus
                0x00000000       0x40 ..\obj\stm32f0xx_flash.o
 .text.FLASH_ClearFlag
                0x00000000       0x18 ..\obj\stm32f0xx_flash.o
 .text.FLASH_GetStatus
                0x00000000       0x58 ..\obj\stm32f0xx_flash.o
 .text.FLASH_WaitForLastOperation
                0x00000000       0x5c ..\obj\stm32f0xx_flash.o
 .text          0x00000000        0x0 ..\obj\stm32f0xx_syscfg.o
 .data          0x00000000        0x0 ..\obj\stm32f0xx_syscfg.o
 .bss           0x00000000        0x0 ..\obj\stm32f0xx_syscfg.o
 .text.SYSCFG_DeInit
                0x00000000       0x40 ..\obj\stm32f0xx_syscfg.o
 .text.SYSCFG_MemoryRemapConfig
                0x00000000       0x34 ..\obj\stm32f0xx_syscfg.o
 .text.SYSCFG_DMAChannelRemapConfig
                0x00000000       0x3c ..\obj\stm32f0xx_syscfg.o
 .text.SYSCFG_I2CFastModePlusConfig
                0x00000000       0x3c ..\obj\stm32f0xx_syscfg.o
 .text.SYSCFG_EXTILineConfig
                0x00000000       0x90 ..\obj\stm32f0xx_syscfg.o
 .text.SYSCFG_BreakConfig
                0x00000000       0x20 ..\obj\stm32f0xx_syscfg.o
 .text.SYSCFG_GetFlagStatus
                0x00000000       0x40 ..\obj\stm32f0xx_syscfg.o
 .text.SYSCFG_ClearFlag
                0x00000000       0x20 ..\obj\stm32f0xx_syscfg.o
 .debug_info    0x00000000      0x2c0 ..\obj\stm32f0xx_syscfg.o
 .debug_abbrev  0x00000000      0x13a ..\obj\stm32f0xx_syscfg.o
 .debug_loc     0x00000000      0x1b4 ..\obj\stm32f0xx_syscfg.o
 .debug_aranges
                0x00000000       0x58 ..\obj\stm32f0xx_syscfg.o
 .debug_ranges  0x00000000       0x48 ..\obj\stm32f0xx_syscfg.o
 .debug_line    0x00000000      0x1de ..\obj\stm32f0xx_syscfg.o
 .debug_str     0x00000000      0x2ce ..\obj\stm32f0xx_syscfg.o
 .comment       0x00000000       0x71 ..\obj\stm32f0xx_syscfg.o
 .ARM.attributes
                0x00000000       0x31 ..\obj\stm32f0xx_syscfg.o
 .debug_frame   0x00000000      0x110 ..\obj\stm32f0xx_syscfg.o
 .text          0x00000000        0x0 ..\obj\stm32f0xx_misc.o
 .data          0x00000000        0x0 ..\obj\stm32f0xx_misc.o
 .bss           0x00000000        0x0 ..\obj\stm32f0xx_misc.o
 .text.NVIC_SystemLPConfig
                0x00000000       0x44 ..\obj\stm32f0xx_misc.o
 .text.SysTick_CLKSourceConfig
                0x00000000       0x34 ..\obj\stm32f0xx_misc.o
 .text          0x00000000        0x0 ..\obj\stm32f0xx_dac.o
 .data          0x00000000        0x0 ..\obj\stm32f0xx_dac.o
 .bss           0x00000000        0x0 ..\obj\stm32f0xx_dac.o
 .text.DAC_DeInit
                0x00000000       0x20 ..\obj\stm32f0xx_dac.o
 .text.DAC_StructInit
                0x00000000       0x1c ..\obj\stm32f0xx_dac.o
 .text.DAC_SoftwareTriggerCmd
                0x00000000       0x50 ..\obj\stm32f0xx_dac.o
 .text.DAC_SetChannel1Data
                0x00000000       0x34 ..\obj\stm32f0xx_dac.o
 .text.DAC_GetDataOutputValue
                0x00000000       0x30 ..\obj\stm32f0xx_dac.o
 .text.DAC_DMACmd
                0x00000000       0x50 ..\obj\stm32f0xx_dac.o
 .text.DAC_ITConfig
                0x00000000       0x4c ..\obj\stm32f0xx_dac.o
 .text.DAC_GetFlagStatus
                0x00000000       0x48 ..\obj\stm32f0xx_dac.o
 .text.DAC_ClearFlag
                0x00000000       0x24 ..\obj\stm32f0xx_dac.o
 .text.DAC_GetITStatus
                0x00000000       0x64 ..\obj\stm32f0xx_dac.o
 .text.DAC_ClearITPendingBit
                0x00000000       0x24 ..\obj\stm32f0xx_dac.o
 .data          0x00000000        0x0 d:/program_files/coocox/gnu tools arm embedded/4.7 2013q3/bin/../lib/gcc/arm-none-eabi/4.7.4/armv6-m\libgcc.a(_udivsi3.o)
 .bss           0x00000000        0x0 d:/program_files/coocox/gnu tools arm embedded/4.7 2013q3/bin/../lib/gcc/arm-none-eabi/4.7.4/armv6-m\libgcc.a(_udivsi3.o)
 .data          0x00000000        0x0 d:/program_files/coocox/gnu tools arm embedded/4.7 2013q3/bin/../lib/gcc/arm-none-eabi/4.7.4/armv6-m\libgcc.a(_dvmd_tls.o)
 .bss           0x00000000        0x0 d:/program_files/coocox/gnu tools arm embedded/4.7 2013q3/bin/../lib/gcc/arm-none-eabi/4.7.4/armv6-m\libgcc.a(_dvmd_tls.o)

Memory Configuration

Name             Origin             Length             Attributes
rom              0x08000000         0x00010000         xr
ram              0x20000000         0x00002000         xrw
*default*        0x00000000         0xffffffff

Linker script and memory map

                0x20002000                _eram = 0x20002000

.text           0x08000000     0x13c8
 *(.isr_vector .isr_vector.*)
 .isr_vector    0x08000000       0xc4 ..\obj\startup_stm32f0xx.o
                0x08000000                g_pfnVectors
 *(.text .text.* .gnu.linkonce.t.*)
 .text.RCC_DeInit
                0x080000c4       0x88 ..\obj\stm32f0xx_rcc.o
                0x080000c4                RCC_DeInit
 .text.RCC_HSEConfig
                0x0800014c       0x24 ..\obj\stm32f0xx_rcc.o
                0x0800014c                RCC_HSEConfig
 .text.RCC_WaitForHSEStartUp
                0x08000170       0x60 ..\obj\stm32f0xx_rcc.o
                0x08000170                RCC_WaitForHSEStartUp
 .text.RCC_HSICmd
                0x080001d0       0x38 ..\obj\stm32f0xx_rcc.o
                0x080001d0                RCC_HSICmd
 .text.RCC_PLLConfig
                0x08000208       0x34 ..\obj\stm32f0xx_rcc.o
                0x08000208                RCC_PLLConfig
 .text.RCC_PLLCmd
                0x0800023c       0x40 ..\obj\stm32f0xx_rcc.o
                0x0800023c                RCC_PLLCmd
 .text.RCC_PREDIV1Config
                0x0800027c       0x34 ..\obj\stm32f0xx_rcc.o
                0x0800027c                RCC_PREDIV1Config
 .text.RCC_MCOConfig
                0x080002b0       0x20 ..\obj\stm32f0xx_rcc.o
                0x080002b0                RCC_MCOConfig
 .text.RCC_SYSCLKConfig
                0x080002d0       0x34 ..\obj\stm32f0xx_rcc.o
                0x080002d0                RCC_SYSCLKConfig
 .text.RCC_GetSYSCLKSource
                0x08000304       0x1c ..\obj\stm32f0xx_rcc.o
                0x08000304                RCC_GetSYSCLKSource
 .text.RCC_HCLKConfig
                0x08000320       0x34 ..\obj\stm32f0xx_rcc.o
                0x08000320                RCC_HCLKConfig
 .text.RCC_PCLKConfig
                0x08000354       0x38 ..\obj\stm32f0xx_rcc.o
                0x08000354                RCC_PCLKConfig
 .text.RCC_ADCCLKConfig
                0x0800038c       0x50 ..\obj\stm32f0xx_rcc.o
                0x0800038c                RCC_ADCCLKConfig
 .text.RCC_I2CCLKConfig
                0x080003dc       0x2c ..\obj\stm32f0xx_rcc.o
                0x080003dc                RCC_I2CCLKConfig
 .text.RCC_AHBPeriphClockCmd
                0x08000408       0x3c ..\obj\stm32f0xx_rcc.o
                0x08000408                RCC_AHBPeriphClockCmd
 .text.RCC_APB2PeriphClockCmd
                0x08000444       0x3c ..\obj\stm32f0xx_rcc.o
                0x08000444                RCC_APB2PeriphClockCmd
 .text.RCC_APB1PeriphClockCmd
                0x08000480       0x3c ..\obj\stm32f0xx_rcc.o
                0x08000480                RCC_APB1PeriphClockCmd
 .text.RCC_GetFlagStatus
                0x080004bc       0x90 ..\obj\stm32f0xx_rcc.o
                0x080004bc                RCC_GetFlagStatus
 .text.RCC_Configuration
                0x0800054c       0x90 ..\obj\main.o
                0x0800054c                RCC_Configuration
 .text.TIM_Configuration
                0x080005dc      0x1f0 ..\obj\main.o
                0x080005dc                TIM_Configuration
 .text.GPIO_Configuration
                0x080007cc       0x5c ..\obj\main.o
                0x080007cc                GPIO_Configuration
 .text.ClearSoundBuffers
                0x08000828       0x94 ..\obj\main.o
                0x08000828                ClearSoundBuffers
 .text.OutFrequence
                0x080008bc      0x134 ..\obj\main.o
                0x080008bc                OutFrequence
 .text.SoundRender
                0x080009f0       0x5c ..\obj\main.o
                0x080009f0                SoundRender
 .text.DelayTimeRender
                0x08000a4c       0xd0 ..\obj\main.o
                0x08000a4c                DelayTimeRender
 .text.main     0x08000b1c      0x120 ..\obj\main.o
                0x08000b1c                main
 .text.TIM2_IRQHandler
                0x08000c3c       0x1c ..\obj\main.o
                0x08000c3c                TIM2_IRQHandler
 .text.TIM3_IRQHandler
                0x08000c58       0x1c ..\obj\main.o
                0x08000c58                TIM3_IRQHandler
 .text.TIM6_DAC_IRQHandler
                0x08000c74       0x1c ..\obj\main.o
                0x08000c74                TIM6_DAC_IRQHandler
 .text.Reset_Handler
                0x08000c90       0x44 ..\obj\startup_stm32f0xx.o
                0x08000c90                Reset_Handler
 .text.Default_Handler
                0x08000cd4        0x2 ..\obj\startup_stm32f0xx.o
                0x08000cd4                TIM1_CC_IRQHandler
                0x08000cd4                HardFault_Handler
                0x08000cd4                ADC1_COMP_IRQHandler
                0x08000cd4                SysTick_Handler
                0x08000cd4                PVD_IRQHandler
                0x08000cd4                PendSV_Handler
                0x08000cd4                NMI_Handler
                0x08000cd4                I2C1_IRQHandler
                0x08000cd4                SPI1_IRQHandler
                0x08000cd4                EXTI2_3_IRQHandler
                0x08000cd4                I2C2_IRQHandler
                0x08000cd4                TIM17_IRQHandler
                0x08000cd4                RTC_IRQHandler
                0x08000cd4                TIM16_IRQHandler
                0x08000cd4                EXTI4_15_IRQHandler
                0x08000cd4                RCC_IRQHandler
                0x08000cd4                DMA1_Channel1_IRQHandler
                0x08000cd4                Default_Handler
                0x08000cd4                CEC_IRQHandler
                0x08000cd4                TIM14_IRQHandler
                0x08000cd4                DMA1_Channel4_5_IRQHandler
                0x08000cd4                TIM15_IRQHandler
                0x08000cd4                EXTI0_1_IRQHandler
                0x08000cd4                SPI2_IRQHandler
                0x08000cd4                SVC_Handler
                0x08000cd4                TS_IRQHandler
                0x08000cd4                WWDG_IRQHandler
                0x08000cd4                DMA1_Channel2_3_IRQHandler
                0x08000cd4                USART2_IRQHandler
                0x08000cd4                FLASH_IRQHandler
                0x08000cd4                USART1_IRQHandler
                0x08000cd4                TIM1_BRK_UP_TRG_COM_IRQHandler
 *fill*         0x08000cd6        0x2 00
 .text.GPIO_Init
                0x08000cd8      0x138 ..\obj\stm32f0xx_gpio.o
                0x08000cd8                GPIO_Init
 .text.TIM_TimeBaseInit
                0x08000e10       0xf0 ..\obj\stm32f0xx_tim.o
                0x08000e10                TIM_TimeBaseInit
 .text.TIM_Cmd  0x08000f00       0x40 ..\obj\stm32f0xx_tim.o
                0x08000f00                TIM_Cmd
 .text.TIM_ITConfig
                0x08000f40       0x48 ..\obj\stm32f0xx_tim.o
                0x08000f40                TIM_ITConfig
 .text.TIM_ClearFlag
                0x08000f88       0x20 ..\obj\stm32f0xx_tim.o
                0x08000f88                TIM_ClearFlag
 .text.TIM_ClearITPendingBit
                0x08000fa8       0x20 ..\obj\stm32f0xx_tim.o
                0x08000fa8                TIM_ClearITPendingBit
 .text.TIM_SelectOutputTrigger
                0x08000fc8       0x38 ..\obj\stm32f0xx_tim.o
                0x08000fc8                TIM_SelectOutputTrigger
 .text.SystemInit
                0x08001000       0x8c ..\obj\system_stm32f0xx.o
                0x08001000                SystemInit
 .text.SetSysClock
                0x0800108c       0xe0 ..\obj\system_stm32f0xx.o
 .text.FLASH_SetLatency
                0x0800116c       0x34 ..\obj\stm32f0xx_flash.o
                0x0800116c                FLASH_SetLatency
 .text.FLASH_PrefetchBufferCmd
                0x080011a0       0x38 ..\obj\stm32f0xx_flash.o
                0x080011a0                FLASH_PrefetchBufferCmd
 .text.NVIC_Init
                0x080011d8       0xac ..\obj\stm32f0xx_misc.o
                0x080011d8                NVIC_Init
 .text.DAC_Init
                0x08001284       0x58 ..\obj\stm32f0xx_dac.o
                0x08001284                DAC_Init
 .text.DAC_Cmd  0x080012dc       0x4c ..\obj\stm32f0xx_dac.o
                0x080012dc                DAC_Cmd
 .text          0x08001328       0x9c d:/program_files/coocox/gnu tools arm embedded/4.7 2013q3/bin/../lib/gcc/arm-none-eabi/4.7.4/armv6-m\libgcc.a(_udivsi3.o)
                0x08001328                __aeabi_uidiv
                0x08001328                __udivsi3
                0x080013b0                __aeabi_uidivmod
 .text          0x080013c4        0x4 d:/program_files/coocox/gnu tools arm embedded/4.7 2013q3/bin/../lib/gcc/arm-none-eabi/4.7.4/armv6-m\libgcc.a(_dvmd_tls.o)
                0x080013c4                __aeabi_idiv0
                0x080013c4                __aeabi_ldiv0
 *(.glue_7t)
 .glue_7t       0x00000000        0x0 linker stubs
 *(.glue_7)
 .glue_7        0x00000000        0x0 linker stubs
 *(.rodata .rodata* .gnu.linkonce.r.*)

.vfp11_veneer   0x080013c8        0x0
 .vfp11_veneer  0x00000000        0x0 linker stubs

.v4_bx          0x080013c8        0x0
 .v4_bx         0x00000000        0x0 linker stubs

.iplt           0x080013c8        0x0
 .iplt          0x00000000        0x0 ..\obj\stm32f0xx_rcc.o

.rel.dyn        0x080013c8        0x0
 .rel.iplt      0x00000000        0x0 ..\obj\stm32f0xx_rcc.o

.ARM.extab
 *(.ARM.extab* .gnu.linkonce.armextab.*)
                0x080013c8                __exidx_start = .

.ARM.exidx
 *(.ARM.exidx* .gnu.linkonce.armexidx.*)
                0x080013c8                __exidx_end = .
                0x080013c8                . = ALIGN (0x4)
                0x080013c8                _etext = .
                0x080013c8                _sidata = .

.data           0x20000000        0x0 load address 0x080013c8
                0x20000000                _sdata = .
 *(.data .data.*)
                0x20000000                . = ALIGN (0x4)
                0x20000000                _edata = .

.igot.plt       0x20000000        0x0
 .igot.plt      0x00000000        0x0 ..\obj\stm32f0xx_rcc.o

.bss            0x20000000       0x34
                0x20000000                _sbss = .
 *(.bss .bss.*)
 *(COMMON)
 COMMON         0x20000000       0x33 ..\obj\main.o
                0x20000000                SoundChannel
                0x20000030                ADCBuffer
                0x20000032                NumberChannel
                0x20000034                . = ALIGN (0x4)
 *fill*         0x20000033        0x1 00
                0x20000034                _ebss = .

.co_stack       0x20000034        0x4
                0x20000038                . = ALIGN (0x8)
 *fill*         0x20000034        0x4 00
 *(.co_stack .co_stack.*)
                0x20000038                . = ALIGN (0x4)
                0x20000038                _end = .
LOAD ..\obj\stm32f0xx_rcc.o
LOAD ..\obj\stm32f0xx_adc.o
LOAD ..\obj\main.o
LOAD ..\obj\startup_stm32f0xx.o
LOAD ..\obj\stm32f0xx_dma.o
LOAD ..\obj\stm32f0xx_spi.o
LOAD ..\obj\stm32f0xx_gpio.o
LOAD ..\obj\stm32f0xx_tim.o
LOAD ..\obj\system_stm32f0xx.o
LOAD ..\obj\stm32f0xx_flash.o
LOAD ..\obj\stm32f0xx_syscfg.o
LOAD ..\obj\stm32f0xx_misc.o
LOAD ..\obj\stm32f0xx_dac.o
START GROUP
LOAD d:/program_files/coocox/gnu tools arm embedded/4.7 2013q3/bin/../lib/gcc/arm-none-eabi/4.7.4/armv6-m\libgcc.a
LOAD d:/program_files/coocox/gnu tools arm embedded/4.7 2013q3/bin/../lib/gcc/arm-none-eabi/4.7.4/../../../../arm-none-eabi/lib/armv6-m\libg.a
LOAD d:/program_files/coocox/gnu tools arm embedded/4.7 2013q3/bin/../lib/gcc/arm-none-eabi/4.7.4/../../../../arm-none-eabi/lib/armv6-m\libc.a
END GROUP
OUTPUT(Project1.elf elf32-littlearm)

.debug_info     0x00000000     0x51db
 .debug_info    0x00000000      0xa63 ..\obj\stm32f0xx_rcc.o
 .debug_info    0x00000a63      0xe78 ..\obj\main.o
 .debug_info    0x000018db       0xb2 ..\obj\startup_stm32f0xx.o
 .debug_info    0x0000198d      0x618 ..\obj\stm32f0xx_gpio.o
 .debug_info    0x00001fa5     0x1e8c ..\obj\stm32f0xx_tim.o
 .debug_info    0x00003e31      0x30f ..\obj\system_stm32f0xx.o
 .debug_info    0x00004140      0x818 ..\obj\stm32f0xx_flash.o
 .debug_info    0x00004958      0x39b ..\obj\stm32f0xx_misc.o
 .debug_info    0x00004cf3      0x4e8 ..\obj\stm32f0xx_dac.o

.debug_abbrev   0x00000000      0xc9b
 .debug_abbrev  0x00000000      0x1ee ..\obj\stm32f0xx_rcc.o
 .debug_abbrev  0x000001ee      0x194 ..\obj\main.o
 .debug_abbrev  0x00000382       0x12 ..\obj\startup_stm32f0xx.o
 .debug_abbrev  0x00000394      0x190 ..\obj\stm32f0xx_gpio.o
 .debug_abbrev  0x00000524      0x1b7 ..\obj\stm32f0xx_tim.o
 .debug_abbrev  0x000006db      0x136 ..\obj\system_stm32f0xx.o
 .debug_abbrev  0x00000811      0x1cc ..\obj\stm32f0xx_flash.o
 .debug_abbrev  0x000009dd      0x127 ..\obj\stm32f0xx_misc.o
 .debug_abbrev  0x00000b04      0x197 ..\obj\stm32f0xx_dac.o

.debug_loc      0x00000000     0x2cc0
 .debug_loc     0x00000000      0x864 ..\obj\stm32f0xx_rcc.o
 .debug_loc     0x00000864      0x318 ..\obj\main.o
 .debug_loc     0x00000b7c      0x2d8 ..\obj\stm32f0xx_gpio.o
 .debug_loc     0x00000e54     0x1458 ..\obj\stm32f0xx_tim.o
 .debug_loc     0x000022ac       0x9c ..\obj\system_stm32f0xx.o
 .debug_loc     0x00002348      0x604 ..\obj\stm32f0xx_flash.o
 .debug_loc     0x0000294c       0xa8 ..\obj\stm32f0xx_misc.o
 .debug_loc     0x000029f4      0x2cc ..\obj\stm32f0xx_dac.o

.debug_aranges  0x00000000      0x768
 .debug_aranges
                0x00000000      0x150 ..\obj\stm32f0xx_rcc.o
 .debug_aranges
                0x00000150       0x90 ..\obj\main.o
 .debug_aranges
                0x000001e0       0x28 ..\obj\startup_stm32f0xx.o
 .debug_aranges
                0x00000208       0x80 ..\obj\stm32f0xx_gpio.o
 .debug_aranges
                0x00000288      0x300 ..\obj\stm32f0xx_tim.o
 .debug_aranges
                0x00000588       0x30 ..\obj\system_stm32f0xx.o
 .debug_aranges
                0x000005b8      0x100 ..\obj\stm32f0xx_flash.o
 .debug_aranges
                0x000006b8       0x30 ..\obj\stm32f0xx_misc.o
 .debug_aranges
                0x000006e8       0x80 ..\obj\stm32f0xx_dac.o

.debug_ranges   0x00000000      0x6e0
 .debug_ranges  0x00000000      0x140 ..\obj\stm32f0xx_rcc.o
 .debug_ranges  0x00000140       0x80 ..\obj\main.o
 .debug_ranges  0x000001c0       0x20 ..\obj\startup_stm32f0xx.o
 .debug_ranges  0x000001e0       0x70 ..\obj\stm32f0xx_gpio.o
 .debug_ranges  0x00000250      0x2f0 ..\obj\stm32f0xx_tim.o
 .debug_ranges  0x00000540       0x20 ..\obj\system_stm32f0xx.o
 .debug_ranges  0x00000560       0xf0 ..\obj\stm32f0xx_flash.o
 .debug_ranges  0x00000650       0x20 ..\obj\stm32f0xx_misc.o
 .debug_ranges  0x00000670       0x70 ..\obj\stm32f0xx_dac.o

.debug_line     0x00000000     0x20d7
 .debug_line    0x00000000      0x4d9 ..\obj\stm32f0xx_rcc.o
 .debug_line    0x000004d9      0x457 ..\obj\main.o
 .debug_line    0x00000930       0xaf ..\obj\startup_stm32f0xx.o
 .debug_line    0x000009df      0x2b4 ..\obj\stm32f0xx_gpio.o
 .debug_line    0x00000c93      0x9e5 ..\obj\stm32f0xx_tim.o
 .debug_line    0x00001678      0x180 ..\obj\system_stm32f0xx.o
 .debug_line    0x000017f8      0x44a ..\obj\stm32f0xx_flash.o
 .debug_line    0x00001c42      0x205 ..\obj\stm32f0xx_misc.o
 .debug_line    0x00001e47      0x290 ..\obj\stm32f0xx_dac.o

.debug_str      0x00000000     0x2290
 .debug_str     0x00000000      0x649 ..\obj\stm32f0xx_rcc.o
                                0x6cd (size before relaxing)
 .debug_str     0x00000649      0x954 ..\obj\main.o
                                0xaa8 (size before relaxing)
 .debug_str     0x00000f9d      0x190 ..\obj\stm32f0xx_gpio.o
                                0x434 (size before relaxing)
 .debug_str     0x0000112d      0xaad ..\obj\stm32f0xx_tim.o
                                0xd86 (size before relaxing)
 .debug_str     0x00001bda       0xa0 ..\obj\system_stm32f0xx.o
                                0x23e (size before relaxing)
 .debug_str     0x00001c7a      0x397 ..\obj\stm32f0xx_flash.o
                                0x527 (size before relaxing)
 .debug_str     0x00002011      0x11c ..\obj\stm32f0xx_misc.o
                                0x2a9 (size before relaxing)
 .debug_str     0x0000212d      0x163 ..\obj\stm32f0xx_dac.o
                                0x314 (size before relaxing)

.comment        0x00000000       0x70
 .comment       0x00000000       0x70 ..\obj\stm32f0xx_rcc.o
                                 0x71 (size before relaxing)
 .comment       0x00000000       0x71 ..\obj\main.o
 .comment       0x00000000       0x71 ..\obj\stm32f0xx_gpio.o
 .comment       0x00000000       0x71 ..\obj\stm32f0xx_tim.o
 .comment       0x00000000       0x71 ..\obj\system_stm32f0xx.o
 .comment       0x00000000       0x71 ..\obj\stm32f0xx_flash.o
 .comment       0x00000000       0x71 ..\obj\stm32f0xx_misc.o
 .comment       0x00000000       0x71 ..\obj\stm32f0xx_dac.o

.ARM.attributes
                0x00000000       0x2f
 .ARM.attributes
                0x00000000       0x31 ..\obj\stm32f0xx_rcc.o
 .ARM.attributes
                0x00000031       0x31 ..\obj\main.o
 .ARM.attributes
                0x00000062       0x21 ..\obj\startup_stm32f0xx.o
 .ARM.attributes
                0x00000083       0x31 ..\obj\stm32f0xx_gpio.o
 .ARM.attributes
                0x000000b4       0x31 ..\obj\stm32f0xx_tim.o
 .ARM.attributes
                0x000000e5       0x31 ..\obj\system_stm32f0xx.o
 .ARM.attributes
                0x00000116       0x31 ..\obj\stm32f0xx_flash.o
 .ARM.attributes
                0x00000147       0x31 ..\obj\stm32f0xx_misc.o
 .ARM.attributes
                0x00000178       0x31 ..\obj\stm32f0xx_dac.o
 .ARM.attributes
                0x000001a9       0x1e d:/program_files/coocox/gnu tools arm embedded/4.7 2013q3/bin/../lib/gcc/arm-none-eabi/4.7.4/armv6-m\libgcc.a(_udivsi3.o)
 .ARM.attributes
                0x000001c7       0x1e d:/program_files/coocox/gnu tools arm embedded/4.7 2013q3/bin/../lib/gcc/arm-none-eabi/4.7.4/armv6-m\libgcc.a(_dvmd_tls.o)

.debug_frame    0x00000000     0x1a60
 .debug_frame   0x00000000      0x4e4 ..\obj\stm32f0xx_rcc.o
 .debug_frame   0x000004e4      0x1e0 ..\obj\main.o
 .debug_frame   0x000006c4      0x1b0 ..\obj\stm32f0xx_gpio.o
 .debug_frame   0x00000874      0xbb0 ..\obj\stm32f0xx_tim.o
 .debug_frame   0x00001424       0x6c ..\obj\system_stm32f0xx.o
 .debug_frame   0x00001490      0x394 ..\obj\stm32f0xx_flash.o
 .debug_frame   0x00001824       0x70 ..\obj\stm32f0xx_misc.o
 .debug_frame   0x00001894      0x1ac ..\obj\stm32f0xx_dac.o
 .debug_frame   0x00001a40       0x20 d:/program_files/coocox/gnu tools arm embedded/4.7 2013q3/bin/../lib/gcc/arm-none-eabi/4.7.4/armv6-m\libgcc.a(_udivsi3.o)
