ARM Linker, 4.1 [Build 894] [Evaluation]

==============================================================================

Section Cross References

    startup_stm32f0xx.o(RESET) refers to startup_stm32f0xx.o(STACK) for __initial_sp
    startup_stm32f0xx.o(RESET) refers to startup_stm32f0xx.o(StartCode) for Reset_Handler
    startup_stm32f0xx.o(RESET) refers to startup.o(GeneralCodeSector) for TIM6_DAC_IRQHandler
    startup_stm32f0xx.o(StartCode) refers to startup.o(GeneralCodeSector) for SystemInit


==============================================================================

Removing Unused input sections from the image.

    Removing startup.o(RAMData), (3 bytes).

1 unused section(s) (total 3 bytes) removed from the image.

==============================================================================

Image Symbol Table

    Local Symbols

    Symbol Name                              Value     Ov Type        Size  Object(Section)

    Definition.asm                           0x00000000   Number         0  definition.o ABSOLUTE
    Startup.asm                              0x00000000   Number         0  startup.o ABSOLUTE
    startup_stm32f0xx.s                      0x00000000   Number         0  startup_stm32f0xx.o ABSOLUTE
    RESET                                    0x08000000   Section      192  startup_stm32f0xx.o(RESET)
    GeneralCodeSector                        0x080000c0   Section      336  startup.o(GeneralCodeSector)
    InitPortsIO                              0x080000c1   Thumb Code    56  startup.o(GeneralCodeSector)
    InitSystemClock                          0x080000f9   Thumb Code    40  startup.o(GeneralCodeSector)
    StartCode                                0x08000210   Section       44  startup_stm32f0xx.o(StartCode)
    STACK                                    0x20000000   Section     1024  startup_stm32f0xx.o(STACK)
    __initial_sp                             0x20000400   Data           0  startup_stm32f0xx.o(STACK)

    Global Symbols

    Symbol Name                              Value     Ov Type        Size  Object(Section)

    BuildAttributes$$THM_ISAv3M$S$PE$A:L22$X:L11$S22$IEEE1$IW$USESV6$~STKCKD$USESV7$~SHL$OSPACE$EBA8$STANDARDLIB$PRES8$EABIv2 0x00000000   Number         0  anon$$obj.o ABSOLUTE
    __Vectors_Size                           0x000000c0   Number         0  startup_stm32f0xx.o ABSOLUTE
    __Vectors                                0x08000000   Data           4  startup_stm32f0xx.o(RESET)
    __Vectors_End                            0x080000c0   Data           0  startup_stm32f0xx.o(RESET)
    SystemInit                               0x08000121   Thumb Code    52  startup.o(GeneralCodeSector)
    Main                                     0x08000155   Thumb Code     4  startup.o(GeneralCodeSector)
    TIM6_DAC_IRQHandler                      0x08000159   Thumb Code    34  startup.o(GeneralCodeSector)
    Reset_Handler                            0x08000211   Thumb Code     8  startup_stm32f0xx.o(StartCode)
    NMI_Handler                              0x08000219   Thumb Code     8  startup_stm32f0xx.o(StartCode)
    HardFault_Handler                        0x08000221   Thumb Code     2  startup_stm32f0xx.o(StartCode)
    SVC_Handler                              0x08000223   Thumb Code     2  startup_stm32f0xx.o(StartCode)
    PendSV_Handler                           0x08000225   Thumb Code     2  startup_stm32f0xx.o(StartCode)
    SysTick_Handler                          0x08000227   Thumb Code     2  startup_stm32f0xx.o(StartCode)
    ADC1_COMP_IRQHandler                     0x08000229   Thumb Code     0  startup_stm32f0xx.o(StartCode)
    CEC_IRQHandler                           0x08000229   Thumb Code     0  startup_stm32f0xx.o(StartCode)
    DMA1_Channel1_IRQHandler                 0x08000229   Thumb Code     0  startup_stm32f0xx.o(StartCode)
    DMA1_Channel2_3_IRQHandler               0x08000229   Thumb Code     0  startup_stm32f0xx.o(StartCode)
    DMA1_Channel4_5_IRQHandler               0x08000229   Thumb Code     0  startup_stm32f0xx.o(StartCode)
    EXTI0_1_IRQHandler                       0x08000229   Thumb Code     0  startup_stm32f0xx.o(StartCode)
    EXTI2_3_IRQHandler                       0x08000229   Thumb Code     0  startup_stm32f0xx.o(StartCode)
    EXTI4_15_IRQHandler                      0x08000229   Thumb Code     0  startup_stm32f0xx.o(StartCode)
    FLASH_IRQHandler                         0x08000229   Thumb Code     0  startup_stm32f0xx.o(StartCode)
    I2C1_IRQHandler                          0x08000229   Thumb Code     0  startup_stm32f0xx.o(StartCode)
    I2C2_IRQHandler                          0x08000229   Thumb Code     0  startup_stm32f0xx.o(StartCode)
    PVD_IRQHandler                           0x08000229   Thumb Code     0  startup_stm32f0xx.o(StartCode)
    RCC_IRQHandler                           0x08000229   Thumb Code     0  startup_stm32f0xx.o(StartCode)
    RTC_IRQHandler                           0x08000229   Thumb Code     0  startup_stm32f0xx.o(StartCode)
    SPI1_IRQHandler                          0x08000229   Thumb Code     0  startup_stm32f0xx.o(StartCode)
    SPI2_IRQHandler                          0x08000229   Thumb Code     0  startup_stm32f0xx.o(StartCode)
    TIM14_IRQHandler                         0x08000229   Thumb Code     0  startup_stm32f0xx.o(StartCode)
    TIM15_IRQHandler                         0x08000229   Thumb Code     0  startup_stm32f0xx.o(StartCode)
    TIM16_IRQHandler                         0x08000229   Thumb Code     0  startup_stm32f0xx.o(StartCode)
    TIM17_IRQHandler                         0x08000229   Thumb Code     0  startup_stm32f0xx.o(StartCode)
    TIM1_BRK_UP_TRG_COM_IRQHandler           0x08000229   Thumb Code     0  startup_stm32f0xx.o(StartCode)
    TIM1_CC_IRQHandler                       0x08000229   Thumb Code     0  startup_stm32f0xx.o(StartCode)
    TIM2_IRQHandler                          0x08000229   Thumb Code     0  startup_stm32f0xx.o(StartCode)
    TIM3_IRQHandler                          0x08000229   Thumb Code     0  startup_stm32f0xx.o(StartCode)
    TS_IRQHandler                            0x08000229   Thumb Code     0  startup_stm32f0xx.o(StartCode)
    USART1_IRQHandler                        0x08000229   Thumb Code     0  startup_stm32f0xx.o(StartCode)
    USART2_IRQHandler                        0x08000229   Thumb Code     0  startup_stm32f0xx.o(StartCode)
    WWDG_IRQHandler                          0x08000229   Thumb Code     0  startup_stm32f0xx.o(StartCode)



==============================================================================

Memory Map of the image

  Image Entry point : 0x08000211

  Load Region LR_1 (Base: 0x08000000, Size: 0x0000023c, Max: 0xffffffff, ABSOLUTE)

    Execution Region ER_RO (Base: 0x08000000, Size: 0x0000023c, Max: 0xffffffff, ABSOLUTE)

    Base Addr    Size         Type   Attr      Idx    E Section Name        Object

    0x08000000   0x000000c0   Data   RO            2    RESET               startup_stm32f0xx.o
    0x080000c0   0x00000150   Code   RO            9    GeneralCodeSector   startup.o
    0x08000210   0x0000002c   Code   RO            3  * StartCode           startup_stm32f0xx.o


    Execution Region ER_RW (Base: 0x20000000, Size: 0x00000000, Max: 0xffffffff, ABSOLUTE)

    **** No section assigned to this execution region ****


    Execution Region ER_ZI (Base: 0x20000000, Size: 0x00000400, Max: 0xffffffff, ABSOLUTE)

    Base Addr    Size         Type   Attr      Idx    E Section Name        Object

    0x20000000   0x00000400   Zero   RW            1    STACK               startup_stm32f0xx.o


==============================================================================

Image component sizes


      Code (inc. data)   RO Data    RW Data    ZI Data      Debug   Object Name

       336        150          0          0          0        512   startup.o
        44         18        192          0       1024        576   startup_stm32f0xx.o

    ----------------------------------------------------------------------
       380        168        192          0       1024       1088   Object Totals
         0          0          0          0          0          0   (incl. Generated)
         0          0          0          0          0          0   (incl. Padding)

    ----------------------------------------------------------------------
         0          0          0          0          0          0   Library Totals
         0          0          0          0          0          0   (incl. Padding)

    ----------------------------------------------------------------------

==============================================================================


      Code (inc. data)   RO Data    RW Data    ZI Data      Debug   

       380        168        192          0       1024       1036   Grand Totals
       380        168        192          0       1024       1036   ELF Image Totals
       380        168        192          0          0          0   ROM Totals

==============================================================================

    Total RO  Size (Code + RO Data)                  572 (   0.56kB)
    Total RW  Size (RW Data + ZI Data)              1024 (   1.00kB)
    Total ROM Size (Code + RO Data + RW Data)        572 (   0.56kB)

==============================================================================

