Archive member included because of file (symbol)

d:/program_files/coocox/gnu tools arm embedded/4.7 2013q3/bin/../lib/gcc/arm-none-eabi/4.7.4/armv6-m\libgcc.a(_udivsi3.o)
                              ..\obj\stm32f0xx_rcc.o (__aeabi_uidiv)
d:/program_files/coocox/gnu tools arm embedded/4.7 2013q3/bin/../lib/gcc/arm-none-eabi/4.7.4/armv6-m\libgcc.a(_divsi3.o)
                              ..\obj\main.o (__aeabi_idiv)
d:/program_files/coocox/gnu tools arm embedded/4.7 2013q3/bin/../lib/gcc/arm-none-eabi/4.7.4/armv6-m\libgcc.a(_dvmd_tls.o)
                              d:/program_files/coocox/gnu tools arm embedded/4.7 2013q3/bin/../lib/gcc/arm-none-eabi/4.7.4/armv6-m\libgcc.a(_udivsi3.o) (__aeabi_idiv0)
d:/program_files/coocox/gnu tools arm embedded/4.7 2013q3/bin/../lib/gcc/arm-none-eabi/4.7.4/armv6-m\libgcc.a(_fixunssfsi.o)
                              ..\obj\main.o (__aeabi_f2uiz)
d:/program_files/coocox/gnu tools arm embedded/4.7 2013q3/bin/../lib/gcc/arm-none-eabi/4.7.4/armv6-m\libgcc.a(divsf3.o)
                              ..\obj\main.o (__aeabi_fdiv)
d:/program_files/coocox/gnu tools arm embedded/4.7 2013q3/bin/../lib/gcc/arm-none-eabi/4.7.4/armv6-m\libgcc.a(mulsf3.o)
                              ..\obj\main.o (__aeabi_fmul)
d:/program_files/coocox/gnu tools arm embedded/4.7 2013q3/bin/../lib/gcc/arm-none-eabi/4.7.4/armv6-m\libgcc.a(subsf3.o)
                              d:/program_files/coocox/gnu tools arm embedded/4.7 2013q3/bin/../lib/gcc/arm-none-eabi/4.7.4/armv6-m\libgcc.a(_fixunssfsi.o) (__aeabi_fsub)
d:/program_files/coocox/gnu tools arm embedded/4.7 2013q3/bin/../lib/gcc/arm-none-eabi/4.7.4/armv6-m\libgcc.a(fixsfsi.o)
                              d:/program_files/coocox/gnu tools arm embedded/4.7 2013q3/bin/../lib/gcc/arm-none-eabi/4.7.4/armv6-m\libgcc.a(_fixunssfsi.o) (__aeabi_f2iz)
d:/program_files/coocox/gnu tools arm embedded/4.7 2013q3/bin/../lib/gcc/arm-none-eabi/4.7.4/armv6-m\libgcc.a(floatunsisf.o)
                              ..\obj\main.o (__aeabi_ui2f)
d:/program_files/coocox/gnu tools arm embedded/4.7 2013q3/bin/../lib/gcc/arm-none-eabi/4.7.4/armv6-m\libgcc.a(_arm_cmpsf2.o)
                              d:/program_files/coocox/gnu tools arm embedded/4.7 2013q3/bin/../lib/gcc/arm-none-eabi/4.7.4/armv6-m\libgcc.a(_fixunssfsi.o) (__aeabi_fcmpge)
d:/program_files/coocox/gnu tools arm embedded/4.7 2013q3/bin/../lib/gcc/arm-none-eabi/4.7.4/armv6-m\libgcc.a(_clzsi2.o)
                              d:/program_files/coocox/gnu tools arm embedded/4.7 2013q3/bin/../lib/gcc/arm-none-eabi/4.7.4/armv6-m\libgcc.a(divsf3.o) (__clzsi2)
d:/program_files/coocox/gnu tools arm embedded/4.7 2013q3/bin/../lib/gcc/arm-none-eabi/4.7.4/armv6-m\libgcc.a(eqsf2.o)
                              d:/program_files/coocox/gnu tools arm embedded/4.7 2013q3/bin/../lib/gcc/arm-none-eabi/4.7.4/armv6-m\libgcc.a(_arm_cmpsf2.o) (__eqsf2)
d:/program_files/coocox/gnu tools arm embedded/4.7 2013q3/bin/../lib/gcc/arm-none-eabi/4.7.4/armv6-m\libgcc.a(gesf2.o)
                              d:/program_files/coocox/gnu tools arm embedded/4.7 2013q3/bin/../lib/gcc/arm-none-eabi/4.7.4/armv6-m\libgcc.a(_arm_cmpsf2.o) (__gesf2)
d:/program_files/coocox/gnu tools arm embedded/4.7 2013q3/bin/../lib/gcc/arm-none-eabi/4.7.4/armv6-m\libgcc.a(lesf2.o)
                              d:/program_files/coocox/gnu tools arm embedded/4.7 2013q3/bin/../lib/gcc/arm-none-eabi/4.7.4/armv6-m\libgcc.a(_arm_cmpsf2.o) (__lesf2)

Allocating common symbols
Common symbol       size              file

VoltageString       0x7               ..\obj\main.o

Discarded input sections

 .text          0x00000000        0x0 ..\obj\stm32f0xx_rcc.o
 .data          0x00000000       0x10 ..\obj\stm32f0xx_rcc.o
 .bss           0x00000000        0x0 ..\obj\stm32f0xx_rcc.o
 .text.RCC_AdjustHSICalibrationValue
                0x00000000       0x3c ..\obj\stm32f0xx_rcc.o
 .text.RCC_AdjustHSI14CalibrationValue
                0x00000000       0x3c ..\obj\stm32f0xx_rcc.o
 .text.RCC_HSI14Cmd
                0x00000000       0x38 ..\obj\stm32f0xx_rcc.o
 .text.RCC_HSI14ADCRequestCmd
                0x00000000       0x38 ..\obj\stm32f0xx_rcc.o
 .text.RCC_LSEConfig
                0x00000000       0x38 ..\obj\stm32f0xx_rcc.o
 .text.RCC_LSEDriveConfig
                0x00000000       0x2c ..\obj\stm32f0xx_rcc.o
 .text.RCC_LSICmd
                0x00000000       0x38 ..\obj\stm32f0xx_rcc.o
 .text.RCC_ClockSecuritySystemCmd
                0x00000000       0x40 ..\obj\stm32f0xx_rcc.o
 .text.RCC_MCOConfig
                0x00000000       0x20 ..\obj\stm32f0xx_rcc.o
 .text.RCC_CECCLKConfig
                0x00000000       0x2c ..\obj\stm32f0xx_rcc.o
 .text.RCC_USARTCLKConfig
                0x00000000       0x2c ..\obj\stm32f0xx_rcc.o
 .text.RCC_GetClocksFreq
                0x00000000      0x1cc ..\obj\stm32f0xx_rcc.o
 .text.RCC_RTCCLKConfig
                0x00000000       0x20 ..\obj\stm32f0xx_rcc.o
 .text.RCC_RTCCLKCmd
                0x00000000       0x40 ..\obj\stm32f0xx_rcc.o
 .text.RCC_BackupResetCmd
                0x00000000       0x40 ..\obj\stm32f0xx_rcc.o
 .text.RCC_APB2PeriphClockCmd
                0x00000000       0x3c ..\obj\stm32f0xx_rcc.o
 .text.RCC_AHBPeriphResetCmd
                0x00000000       0x3c ..\obj\stm32f0xx_rcc.o
 .text.RCC_APB2PeriphResetCmd
                0x00000000       0x3c ..\obj\stm32f0xx_rcc.o
 .text.RCC_APB1PeriphResetCmd
                0x00000000       0x3c ..\obj\stm32f0xx_rcc.o
 .text.RCC_ITConfig
                0x00000000       0x50 ..\obj\stm32f0xx_rcc.o
 .text.RCC_ClearFlag
                0x00000000       0x1c ..\obj\stm32f0xx_rcc.o
 .text.RCC_GetITStatus
                0x00000000       0x44 ..\obj\stm32f0xx_rcc.o
 .text.RCC_ClearITPendingBit
                0x00000000       0x20 ..\obj\stm32f0xx_rcc.o
 .text          0x00000000        0x0 ..\obj\stm32f0xx_adc.o
 .data          0x00000000        0x0 ..\obj\stm32f0xx_adc.o
 .bss           0x00000000        0x0 ..\obj\stm32f0xx_adc.o
 .text.ADC_DeInit
                0x00000000       0x34 ..\obj\stm32f0xx_adc.o
 .text.ADC_Init
                0x00000000       0x58 ..\obj\stm32f0xx_adc.o
 .text.ADC_StructInit
                0x00000000       0x34 ..\obj\stm32f0xx_adc.o
 .text.ADC_Cmd  0x00000000       0x38 ..\obj\stm32f0xx_adc.o
 .text.ADC_JitterCmd
                0x00000000       0x38 ..\obj\stm32f0xx_adc.o
 .text.ADC_AutoPowerOffCmd
                0x00000000       0x3c ..\obj\stm32f0xx_adc.o
 .text.ADC_WaitModeCmd
                0x00000000       0x3c ..\obj\stm32f0xx_adc.o
 .text.ADC_AnalogWatchdogCmd
                0x00000000       0x3c ..\obj\stm32f0xx_adc.o
 .text.ADC_AnalogWatchdogThresholdsConfig
                0x00000000       0x28 ..\obj\stm32f0xx_adc.o
 .text.ADC_AnalogWatchdogSingleChannelConfig
                0x00000000       0x34 ..\obj\stm32f0xx_adc.o
 .text.ADC_AnalogWatchdogSingleChannelCmd
                0x00000000       0x3c ..\obj\stm32f0xx_adc.o
 .text.ADC_TempSensorCmd
                0x00000000       0x40 ..\obj\stm32f0xx_adc.o
 .text.ADC_VrefintCmd
                0x00000000       0x40 ..\obj\stm32f0xx_adc.o
 .text.ADC_VbatCmd
                0x00000000       0x40 ..\obj\stm32f0xx_adc.o
 .text.ADC_ChannelConfig
                0x00000000       0x38 ..\obj\stm32f0xx_adc.o
 .text.ADC_ContinuousModeCmd
                0x00000000       0x3c ..\obj\stm32f0xx_adc.o
 .text.ADC_DiscModeCmd
                0x00000000       0x3c ..\obj\stm32f0xx_adc.o
 .text.ADC_OverrunModeCmd
                0x00000000       0x3c ..\obj\stm32f0xx_adc.o
 .text.ADC_GetCalibrationFactor
                0x00000000       0x60 ..\obj\stm32f0xx_adc.o
 .text.ADC_StopOfConversion
                0x00000000       0x1c ..\obj\stm32f0xx_adc.o
 .text.ADC_StartOfConversion
                0x00000000       0x1c ..\obj\stm32f0xx_adc.o
 .text.ADC_GetConversionValue
                0x00000000       0x18 ..\obj\stm32f0xx_adc.o
 .text.ADC_DMACmd
                0x00000000       0x3c ..\obj\stm32f0xx_adc.o
 .text.ADC_DMARequestModeConfig
                0x00000000       0x2c ..\obj\stm32f0xx_adc.o
 .text.ADC_ITConfig
                0x00000000       0x38 ..\obj\stm32f0xx_adc.o
 .text.ADC_GetFlagStatus
                0x00000000       0x60 ..\obj\stm32f0xx_adc.o
 .text.ADC_ClearFlag
                0x00000000       0x18 ..\obj\stm32f0xx_adc.o
 .text.ADC_GetITStatus
                0x00000000       0x50 ..\obj\stm32f0xx_adc.o
 .text.ADC_ClearITPendingBit
                0x00000000       0x18 ..\obj\stm32f0xx_adc.o
 .debug_info    0x00000000      0x927 ..\obj\stm32f0xx_adc.o
 .debug_abbrev  0x00000000      0x18a ..\obj\stm32f0xx_adc.o
 .debug_loc     0x00000000      0x658 ..\obj\stm32f0xx_adc.o
 .debug_aranges
                0x00000000      0x100 ..\obj\stm32f0xx_adc.o
 .debug_ranges  0x00000000       0xf0 ..\obj\stm32f0xx_adc.o
 .debug_line    0x00000000      0x3df ..\obj\stm32f0xx_adc.o
 .debug_str     0x00000000      0x553 ..\obj\stm32f0xx_adc.o
 .comment       0x00000000       0x71 ..\obj\stm32f0xx_adc.o
 .ARM.attributes
                0x00000000       0x31 ..\obj\stm32f0xx_adc.o
 .debug_frame   0x00000000      0x3b0 ..\obj\stm32f0xx_adc.o
 .text          0x00000000        0x0 ..\obj\main.o
 .data          0x00000000        0xc ..\obj\main.o
 .bss           0x00000000        0x0 ..\obj\main.o
 .text.DrawRectangle
                0x00000000       0xc8 ..\obj\main.o
 .text.DrawLine
                0x00000000      0x178 ..\obj\main.o
 .text.TIM_Configuration
                0x00000000       0x50 ..\obj\main.o
 .text.ADC_Configuration
                0x00000000       0xa8 ..\obj\main.o
 .text.ConvertADCToVoltage
                0x00000000       0x78 ..\obj\main.o
 .text.ADCVoltageToFloatString
                0x00000000       0xfc ..\obj\main.o
 .text.CalculateDeviation
                0x00000000       0x58 ..\obj\main.o
 .text.DeviationToString
                0x00000000       0xfc ..\obj\main.o
 COMMON         0x00000000        0x7 ..\obj\main.o
 .text          0x00000000       0x14 ..\obj\startup_stm32f0xx.o
 .data          0x00000000        0x0 ..\obj\startup_stm32f0xx.o
 .bss           0x00000000        0x0 ..\obj\startup_stm32f0xx.o
 .text          0x00000000        0x0 ..\obj\stm32f0xx_spi.o
 .data          0x00000000        0x0 ..\obj\stm32f0xx_spi.o
 .bss           0x00000000        0x0 ..\obj\stm32f0xx_spi.o
 .text.SPI_I2S_DeInit
                0x00000000       0x58 ..\obj\stm32f0xx_spi.o
 .text.SPI_StructInit
                0x00000000       0x48 ..\obj\stm32f0xx_spi.o
 .text.I2S_StructInit
                0x00000000       0x34 ..\obj\stm32f0xx_spi.o
 .text.I2S_Init
                0x00000000      0x1c0 ..\obj\stm32f0xx_spi.o
 .text.SPI_TIModeCmd
                0x00000000       0x40 ..\obj\stm32f0xx_spi.o
 .text.I2S_Cmd  0x00000000       0x44 ..\obj\stm32f0xx_spi.o
 .text.SPI_DataSizeConfig
                0x00000000       0x58 ..\obj\stm32f0xx_spi.o
 .text.SPI_RxFIFOThresholdConfig
                0x00000000       0x3c ..\obj\stm32f0xx_spi.o
 .text.SPI_BiDirectionalLineConfig
                0x00000000       0x48 ..\obj\stm32f0xx_spi.o
 .text.SPI_NSSInternalSoftwareConfig
                0x00000000       0x4c ..\obj\stm32f0xx_spi.o
 .text.SPI_SSOutputCmd
                0x00000000       0x40 ..\obj\stm32f0xx_spi.o
 .text.SPI_NSSPulseModeCmd
                0x00000000       0x40 ..\obj\stm32f0xx_spi.o
 .text.SPI_SendData8
                0x00000000       0x2c ..\obj\stm32f0xx_spi.o
 .text.SPI_I2S_SendData16
                0x00000000       0x1c ..\obj\stm32f0xx_spi.o
 .text.SPI_ReceiveData8
                0x00000000       0x24 ..\obj\stm32f0xx_spi.o
 .text.SPI_I2S_ReceiveData16
                0x00000000       0x18 ..\obj\stm32f0xx_spi.o
 .text.SPI_CRCLengthConfig
                0x00000000       0x3c ..\obj\stm32f0xx_spi.o
 .text.SPI_CalculateCRC
                0x00000000       0x44 ..\obj\stm32f0xx_spi.o
 .text.SPI_TransmitCRC
                0x00000000       0x20 ..\obj\stm32f0xx_spi.o
 .text.SPI_GetCRC
                0x00000000       0x44 ..\obj\stm32f0xx_spi.o
 .text.SPI_GetCRCPolynomial
                0x00000000       0x18 ..\obj\stm32f0xx_spi.o
 .text.SPI_I2S_DMACmd
                0x00000000       0x48 ..\obj\stm32f0xx_spi.o
 .text.SPI_LastDMATransferCmd
                0x00000000       0x3c ..\obj\stm32f0xx_spi.o
 .text.SPI_I2S_ITConfig
                0x00000000       0x7c ..\obj\stm32f0xx_spi.o
 .text.SPI_GetTransmissionFIFOStatus
                0x00000000       0x20 ..\obj\stm32f0xx_spi.o
 .text.SPI_GetReceptionFIFOStatus
                0x00000000       0x20 ..\obj\stm32f0xx_spi.o
 .text.SPI_I2S_GetFlagStatus
                0x00000000       0x48 ..\obj\stm32f0xx_spi.o
 .text.SPI_I2S_ClearFlag
                0x00000000       0x20 ..\obj\stm32f0xx_spi.o
 .text.SPI_I2S_GetITStatus
                0x00000000       0xb0 ..\obj\stm32f0xx_spi.o
 .text          0x00000000        0x0 ..\obj\stm32f0xx_gpio.o
 .data          0x00000000        0x0 ..\obj\stm32f0xx_gpio.o
 .bss           0x00000000        0x0 ..\obj\stm32f0xx_gpio.o
 .text.GPIO_DeInit
                0x00000000       0xc8 ..\obj\stm32f0xx_gpio.o
 .text.GPIO_StructInit
                0x00000000       0x30 ..\obj\stm32f0xx_gpio.o
 .text.GPIO_PinLockConfig
                0x00000000       0x44 ..\obj\stm32f0xx_gpio.o
 .text.GPIO_ReadInputDataBit
                0x00000000       0x48 ..\obj\stm32f0xx_gpio.o
 .text.GPIO_ReadInputData
                0x00000000       0x18 ..\obj\stm32f0xx_gpio.o
 .text.GPIO_ReadOutputDataBit
                0x00000000       0x48 ..\obj\stm32f0xx_gpio.o
 .text.GPIO_ReadOutputData
                0x00000000       0x18 ..\obj\stm32f0xx_gpio.o
 .text.GPIO_SetBits
                0x00000000       0x1c ..\obj\stm32f0xx_gpio.o
 .text.GPIO_ResetBits
                0x00000000       0x1c ..\obj\stm32f0xx_gpio.o
 .text.GPIO_WriteBit
                0x00000000       0x30 ..\obj\stm32f0xx_gpio.o
 .text.GPIO_Write
                0x00000000       0x1c ..\obj\stm32f0xx_gpio.o
 .text.GPIO_PinAFConfig
                0x00000000       0x9c ..\obj\stm32f0xx_gpio.o
 .text          0x00000000        0x0 ..\obj\stm32f0xx_tim.o
 .data          0x00000000        0x0 ..\obj\stm32f0xx_tim.o
 .bss           0x00000000        0x0 ..\obj\stm32f0xx_tim.o
 .text.TIM_DeInit
                0x00000000      0x124 ..\obj\stm32f0xx_tim.o
 .text.TIM_TimeBaseInit
                0x00000000       0xf0 ..\obj\stm32f0xx_tim.o
 .text.TIM_TimeBaseStructInit
                0x00000000       0x30 ..\obj\stm32f0xx_tim.o
 .text.TIM_PrescalerConfig
                0x00000000       0x28 ..\obj\stm32f0xx_tim.o
 .text.TIM_CounterModeConfig
                0x00000000       0x54 ..\obj\stm32f0xx_tim.o
 .text.TIM_SetCounter
                0x00000000       0x18 ..\obj\stm32f0xx_tim.o
 .text.TIM_SetAutoreload
                0x00000000       0x18 ..\obj\stm32f0xx_tim.o
 .text.TIM_GetCounter
                0x00000000       0x14 ..\obj\stm32f0xx_tim.o
 .text.TIM_GetPrescaler
                0x00000000       0x18 ..\obj\stm32f0xx_tim.o
 .text.TIM_UpdateDisableConfig
                0x00000000       0x40 ..\obj\stm32f0xx_tim.o
 .text.TIM_UpdateRequestConfig
                0x00000000       0x40 ..\obj\stm32f0xx_tim.o
 .text.TIM_ARRPreloadConfig
                0x00000000       0x40 ..\obj\stm32f0xx_tim.o
 .text.TIM_SelectOnePulseMode
                0x00000000       0x38 ..\obj\stm32f0xx_tim.o
 .text.TIM_SetClockDivision
                0x00000000       0x3c ..\obj\stm32f0xx_tim.o
 .text.TIM_Cmd  0x00000000       0x40 ..\obj\stm32f0xx_tim.o
 .text.TIM_BDTRConfig
                0x00000000       0x4c ..\obj\stm32f0xx_tim.o
 .text.TIM_BDTRStructInit
                0x00000000       0x38 ..\obj\stm32f0xx_tim.o
 .text.TIM_CtrlPWMOutputs
                0x00000000       0x4c ..\obj\stm32f0xx_tim.o
 .text.TIM_OC1Init
                0x00000000      0x1a4 ..\obj\stm32f0xx_tim.o
 .text.TIM_OC2Init
                0x00000000      0x1a4 ..\obj\stm32f0xx_tim.o
 .text.TIM_OC3Init
                0x00000000      0x1a8 ..\obj\stm32f0xx_tim.o
 .text.TIM_OC4Init
                0x00000000      0x134 ..\obj\stm32f0xx_tim.o
 .text.TIM_OCStructInit
                0x00000000       0x40 ..\obj\stm32f0xx_tim.o
 .text.TIM_SelectOCxM
                0x00000000       0xc0 ..\obj\stm32f0xx_tim.o
 .text.TIM_SetCompare1
                0x00000000       0x18 ..\obj\stm32f0xx_tim.o
 .text.TIM_SetCompare2
                0x00000000       0x18 ..\obj\stm32f0xx_tim.o
 .text.TIM_SetCompare3
                0x00000000       0x18 ..\obj\stm32f0xx_tim.o
 .text.TIM_SetCompare4
                0x00000000       0x18 ..\obj\stm32f0xx_tim.o
 .text.TIM_ForcedOC1Config
                0x00000000       0x54 ..\obj\stm32f0xx_tim.o
 .text.TIM_ForcedOC2Config
                0x00000000       0x5c ..\obj\stm32f0xx_tim.o
 .text.TIM_ForcedOC3Config
                0x00000000       0x54 ..\obj\stm32f0xx_tim.o
 .text.TIM_ForcedOC4Config
                0x00000000       0x5c ..\obj\stm32f0xx_tim.o
 .text.TIM_CCPreloadControl
                0x00000000       0x40 ..\obj\stm32f0xx_tim.o
 .text.TIM_OC1PreloadConfig
                0x00000000       0x54 ..\obj\stm32f0xx_tim.o
 .text.TIM_OC2PreloadConfig
                0x00000000       0x5c ..\obj\stm32f0xx_tim.o
 .text.TIM_OC3PreloadConfig
                0x00000000       0x54 ..\obj\stm32f0xx_tim.o
 .text.TIM_OC4PreloadConfig
                0x00000000       0x5c ..\obj\stm32f0xx_tim.o
 .text.TIM_OC1FastConfig
                0x00000000       0x54 ..\obj\stm32f0xx_tim.o
 .text.TIM_OC2FastConfig
                0x00000000       0x5c ..\obj\stm32f0xx_tim.o
 .text.TIM_OC3FastConfig
                0x00000000       0x54 ..\obj\stm32f0xx_tim.o
 .text.TIM_OC4FastConfig
                0x00000000       0x5c ..\obj\stm32f0xx_tim.o
 .text.TIM_ClearOC1Ref
                0x00000000       0x54 ..\obj\stm32f0xx_tim.o
 .text.TIM_ClearOC2Ref
                0x00000000       0x58 ..\obj\stm32f0xx_tim.o
 .text.TIM_ClearOC3Ref
                0x00000000       0x54 ..\obj\stm32f0xx_tim.o
 .text.TIM_ClearOC4Ref
                0x00000000       0x58 ..\obj\stm32f0xx_tim.o
 .text.TIM_OC1PolarityConfig
                0x00000000       0x54 ..\obj\stm32f0xx_tim.o
 .text.TIM_OC1NPolarityConfig
                0x00000000       0x54 ..\obj\stm32f0xx_tim.o
 .text.TIM_OC2PolarityConfig
                0x00000000       0x58 ..\obj\stm32f0xx_tim.o
 .text.TIM_OC2NPolarityConfig
                0x00000000       0x58 ..\obj\stm32f0xx_tim.o
 .text.TIM_OC3PolarityConfig
                0x00000000       0x5c ..\obj\stm32f0xx_tim.o
 .text.TIM_OC3NPolarityConfig
                0x00000000       0x5c ..\obj\stm32f0xx_tim.o
 .text.TIM_OC4PolarityConfig
                0x00000000       0x5c ..\obj\stm32f0xx_tim.o
 .text.TIM_SelectOCREFClear
                0x00000000       0x38 ..\obj\stm32f0xx_tim.o
 .text.TIM_CCxCmd
                0x00000000       0x64 ..\obj\stm32f0xx_tim.o
 .text.TIM_CCxNCmd
                0x00000000       0x64 ..\obj\stm32f0xx_tim.o
 .text.TIM_SelectCOM
                0x00000000       0x40 ..\obj\stm32f0xx_tim.o
 .text.TIM_ICInit
                0x00000000       0xb0 ..\obj\stm32f0xx_tim.o
 .text.TIM_ICStructInit
                0x00000000       0x2c ..\obj\stm32f0xx_tim.o
 .text.TIM_PWMIConfig
                0x00000000       0xe8 ..\obj\stm32f0xx_tim.o
 .text.TIM_GetCapture1
                0x00000000       0x14 ..\obj\stm32f0xx_tim.o
 .text.TIM_GetCapture2
                0x00000000       0x14 ..\obj\stm32f0xx_tim.o
 .text.TIM_GetCapture3
                0x00000000       0x14 ..\obj\stm32f0xx_tim.o
 .text.TIM_GetCapture4
                0x00000000       0x14 ..\obj\stm32f0xx_tim.o
 .text.TIM_SetIC1Prescaler
                0x00000000       0x38 ..\obj\stm32f0xx_tim.o
 .text.TIM_SetIC2Prescaler
                0x00000000       0x40 ..\obj\stm32f0xx_tim.o
 .text.TIM_SetIC3Prescaler
                0x00000000       0x38 ..\obj\stm32f0xx_tim.o
 .text.TIM_SetIC4Prescaler
                0x00000000       0x40 ..\obj\stm32f0xx_tim.o
 .text.TIM_ITConfig
                0x00000000       0x48 ..\obj\stm32f0xx_tim.o
 .text.TIM_GenerateEvent
                0x00000000       0x1c ..\obj\stm32f0xx_tim.o
 .text.TIM_GetFlagStatus
                0x00000000       0x48 ..\obj\stm32f0xx_tim.o
 .text.TIM_ClearFlag
                0x00000000       0x20 ..\obj\stm32f0xx_tim.o
 .text.TIM_GetITStatus
                0x00000000       0x80 ..\obj\stm32f0xx_tim.o
 .text.TIM_ClearITPendingBit
                0x00000000       0x20 ..\obj\stm32f0xx_tim.o
 .text.TIM_DMAConfig
                0x00000000       0x28 ..\obj\stm32f0xx_tim.o
 .text.TIM_DMACmd
                0x00000000       0x48 ..\obj\stm32f0xx_tim.o
 .text.TIM_SelectCCDMA
                0x00000000       0x40 ..\obj\stm32f0xx_tim.o
 .text.TIM_InternalClockConfig
                0x00000000       0x20 ..\obj\stm32f0xx_tim.o
 .text.TIM_ITRxExternalClockConfig
                0x00000000       0x34 ..\obj\stm32f0xx_tim.o
 .text.TIM_TIxExternalClockConfig
                0x00000000       0x7c ..\obj\stm32f0xx_tim.o
 .text.TIM_ETRClockMode1Config
                0x00000000       0x98 ..\obj\stm32f0xx_tim.o
 .text.TIM_ETRClockMode2Config
                0x00000000       0x4c ..\obj\stm32f0xx_tim.o
 .text.TIM_SelectInputTrigger
                0x00000000       0x54 ..\obj\stm32f0xx_tim.o
 .text.TIM_SelectOutputTrigger
                0x00000000       0x38 ..\obj\stm32f0xx_tim.o
 .text.TIM_SelectSlaveMode
                0x00000000       0x38 ..\obj\stm32f0xx_tim.o
 .text.TIM_SelectMasterSlaveMode
                0x00000000       0x38 ..\obj\stm32f0xx_tim.o
 .text.TIM_ETRConfig
                0x00000000       0x7c ..\obj\stm32f0xx_tim.o
 .text.TIM_EncoderInterfaceConfig
                0x00000000       0xf4 ..\obj\stm32f0xx_tim.o
 .text.TIM_SelectHallSensor
                0x00000000       0x40 ..\obj\stm32f0xx_tim.o
 .text.TIM_RemapConfig
                0x00000000       0x20 ..\obj\stm32f0xx_tim.o
 .text.TI1_Config
                0x00000000       0xc8 ..\obj\stm32f0xx_tim.o
 .text.TI2_Config
                0x00000000       0xf0 ..\obj\stm32f0xx_tim.o
 .text.TI3_Config
                0x00000000       0xe8 ..\obj\stm32f0xx_tim.o
 .text.TI4_Config
                0x00000000       0xf8 ..\obj\stm32f0xx_tim.o
 .debug_info    0x00000000     0x1e8c ..\obj\stm32f0xx_tim.o
 .debug_abbrev  0x00000000      0x1b7 ..\obj\stm32f0xx_tim.o
 .debug_loc     0x00000000     0x1458 ..\obj\stm32f0xx_tim.o
 .debug_aranges
                0x00000000      0x300 ..\obj\stm32f0xx_tim.o
 .debug_ranges  0x00000000      0x2f0 ..\obj\stm32f0xx_tim.o
 .debug_line    0x00000000      0x9d8 ..\obj\stm32f0xx_tim.o
 .debug_str     0x00000000      0xd84 ..\obj\stm32f0xx_tim.o
 .comment       0x00000000       0x71 ..\obj\stm32f0xx_tim.o
 .ARM.attributes
                0x00000000       0x31 ..\obj\stm32f0xx_tim.o
 .debug_frame   0x00000000      0xbb0 ..\obj\stm32f0xx_tim.o
 .text          0x00000000        0x0 ..\obj\system_stm32f0xx.o
 .data          0x00000000       0x14 ..\obj\system_stm32f0xx.o
 .bss           0x00000000        0x0 ..\obj\system_stm32f0xx.o
 .text.SystemCoreClockUpdate
                0x00000000       0xd0 ..\obj\system_stm32f0xx.o
 .text          0x00000000        0x0 ..\obj\stm32f0xx_flash.o
 .data          0x00000000        0x0 ..\obj\stm32f0xx_flash.o
 .bss           0x00000000        0x0 ..\obj\stm32f0xx_flash.o
 .text.FLASH_GetPrefetchBufferStatus
                0x00000000       0x34 ..\obj\stm32f0xx_flash.o
 .text.FLASH_Unlock
                0x00000000       0x2c ..\obj\stm32f0xx_flash.o
 .text.FLASH_Lock
                0x00000000       0x18 ..\obj\stm32f0xx_flash.o
 .text.FLASH_ErasePage
                0x00000000       0x7c ..\obj\stm32f0xx_flash.o
 .text.FLASH_EraseAllPages
                0x00000000       0x68 ..\obj\stm32f0xx_flash.o
 .text.FLASH_ProgramWord
                0x00000000       0xb0 ..\obj\stm32f0xx_flash.o
 .text.FLASH_ProgramHalfWord
                0x00000000       0x78 ..\obj\stm32f0xx_flash.o
 .text.FLASH_OB_Unlock
                0x00000000       0x2c ..\obj\stm32f0xx_flash.o
 .text.FLASH_OB_Lock
                0x00000000       0x1c ..\obj\stm32f0xx_flash.o
 .text.FLASH_OB_Launch
                0x00000000       0x1c ..\obj\stm32f0xx_flash.o
 .text.FLASH_OB_Erase
                0x00000000       0xd8 ..\obj\stm32f0xx_flash.o
 .text.FLASH_OB_EnableWRP
                0x00000000       0xf4 ..\obj\stm32f0xx_flash.o
 .text.FLASH_OB_RDPConfig
                0x00000000       0xdc ..\obj\stm32f0xx_flash.o
 .text.FLASH_OB_UserConfig
                0x00000000       0xa0 ..\obj\stm32f0xx_flash.o
 .text.FLASH_OB_BOOTConfig
                0x00000000       0x8c ..\obj\stm32f0xx_flash.o
 .text.FLASH_OB_VDDAConfig
                0x00000000       0x8c ..\obj\stm32f0xx_flash.o
 .text.FLASH_OB_SRAMParityConfig
                0x00000000       0x8c ..\obj\stm32f0xx_flash.o
 .text.FLASH_OB_WriteUser
                0x00000000       0x8c ..\obj\stm32f0xx_flash.o
 .text.FLASH_ProgramOptionByteData
                0x00000000       0x84 ..\obj\stm32f0xx_flash.o
 .text.FLASH_OB_GetUser
                0x00000000       0x18 ..\obj\stm32f0xx_flash.o
 .text.FLASH_OB_GetWRP
                0x00000000       0x14 ..\obj\stm32f0xx_flash.o
 .text.FLASH_OB_GetRDP
                0x00000000       0x38 ..\obj\stm32f0xx_flash.o
 .text.FLASH_ITConfig
                0x00000000       0x3c ..\obj\stm32f0xx_flash.o
 .text.FLASH_GetFlagStatus
                0x00000000       0x40 ..\obj\stm32f0xx_flash.o
 .text.FLASH_ClearFlag
                0x00000000       0x18 ..\obj\stm32f0xx_flash.o
 .text.FLASH_GetStatus
                0x00000000       0x58 ..\obj\stm32f0xx_flash.o
 .text.FLASH_WaitForLastOperation
                0x00000000       0x5c ..\obj\stm32f0xx_flash.o
 .text          0x00000000        0x0 ..\obj\core_cm0.o
 .data          0x00000000        0x0 ..\obj\core_cm0.o
 .bss           0x00000000        0x0 ..\obj\core_cm0.o
 .text.__get_PSP
                0x00000000       0x10 ..\obj\core_cm0.o
 .text.__set_PSP
                0x00000000        0x8 ..\obj\core_cm0.o
 .text.__get_MSP
                0x00000000       0x10 ..\obj\core_cm0.o
 .text.__set_MSP
                0x00000000        0x8 ..\obj\core_cm0.o
 .text.__get_PRIMASK
                0x00000000       0x1c ..\obj\core_cm0.o
 .text.__set_PRIMASK
                0x00000000       0x14 ..\obj\core_cm0.o
 .text.__get_CONTROL
                0x00000000       0x1c ..\obj\core_cm0.o
 .text.__set_CONTROL
                0x00000000       0x14 ..\obj\core_cm0.o
 .text.__REV    0x00000000       0x1c ..\obj\core_cm0.o
 .text.__REV16  0x00000000       0x24 ..\obj\core_cm0.o
 .text.__REVSH  0x00000000       0x24 ..\obj\core_cm0.o
 .debug_info    0x00000000      0x2ae ..\obj\core_cm0.o
 .debug_abbrev  0x00000000       0xdb ..\obj\core_cm0.o
 .debug_loc     0x00000000      0x188 ..\obj\core_cm0.o
 .debug_aranges
                0x00000000       0x70 ..\obj\core_cm0.o
 .debug_ranges  0x00000000       0x60 ..\obj\core_cm0.o
 .debug_line    0x00000000      0x1ba ..\obj\core_cm0.o
 .debug_str     0x00000000      0x1de ..\obj\core_cm0.o
 .comment       0x00000000       0x71 ..\obj\core_cm0.o
 .ARM.attributes
                0x00000000       0x31 ..\obj\core_cm0.o
 .debug_frame   0x00000000      0x130 ..\obj\core_cm0.o
 .text          0x00000000       0x9c d:/program_files/coocox/gnu tools arm embedded/4.7 2013q3/bin/../lib/gcc/arm-none-eabi/4.7.4/armv6-m\libgcc.a(_udivsi3.o)
 .data          0x00000000        0x0 d:/program_files/coocox/gnu tools arm embedded/4.7 2013q3/bin/../lib/gcc/arm-none-eabi/4.7.4/armv6-m\libgcc.a(_udivsi3.o)
 .bss           0x00000000        0x0 d:/program_files/coocox/gnu tools arm embedded/4.7 2013q3/bin/../lib/gcc/arm-none-eabi/4.7.4/armv6-m\libgcc.a(_udivsi3.o)
 .debug_frame   0x00000000       0x20 d:/program_files/coocox/gnu tools arm embedded/4.7 2013q3/bin/../lib/gcc/arm-none-eabi/4.7.4/armv6-m\libgcc.a(_udivsi3.o)
 .ARM.attributes
                0x00000000       0x1e d:/program_files/coocox/gnu tools arm embedded/4.7 2013q3/bin/../lib/gcc/arm-none-eabi/4.7.4/armv6-m\libgcc.a(_udivsi3.o)
 .data          0x00000000        0x0 d:/program_files/coocox/gnu tools arm embedded/4.7 2013q3/bin/../lib/gcc/arm-none-eabi/4.7.4/armv6-m\libgcc.a(_divsi3.o)
 .bss           0x00000000        0x0 d:/program_files/coocox/gnu tools arm embedded/4.7 2013q3/bin/../lib/gcc/arm-none-eabi/4.7.4/armv6-m\libgcc.a(_divsi3.o)
 .data          0x00000000        0x0 d:/program_files/coocox/gnu tools arm embedded/4.7 2013q3/bin/../lib/gcc/arm-none-eabi/4.7.4/armv6-m\libgcc.a(_dvmd_tls.o)
 .bss           0x00000000        0x0 d:/program_files/coocox/gnu tools arm embedded/4.7 2013q3/bin/../lib/gcc/arm-none-eabi/4.7.4/armv6-m\libgcc.a(_dvmd_tls.o)
 .text          0x00000000       0x30 d:/program_files/coocox/gnu tools arm embedded/4.7 2013q3/bin/../lib/gcc/arm-none-eabi/4.7.4/armv6-m\libgcc.a(_fixunssfsi.o)
 .data          0x00000000        0x0 d:/program_files/coocox/gnu tools arm embedded/4.7 2013q3/bin/../lib/gcc/arm-none-eabi/4.7.4/armv6-m\libgcc.a(_fixunssfsi.o)
 .bss           0x00000000        0x0 d:/program_files/coocox/gnu tools arm embedded/4.7 2013q3/bin/../lib/gcc/arm-none-eabi/4.7.4/armv6-m\libgcc.a(_fixunssfsi.o)
 .ARM.attributes
                0x00000000       0x2c d:/program_files/coocox/gnu tools arm embedded/4.7 2013q3/bin/../lib/gcc/arm-none-eabi/4.7.4/armv6-m\libgcc.a(_fixunssfsi.o)
 .debug_frame   0x00000000       0x28 d:/program_files/coocox/gnu tools arm embedded/4.7 2013q3/bin/../lib/gcc/arm-none-eabi/4.7.4/armv6-m\libgcc.a(_fixunssfsi.o)
 .text          0x00000000      0x274 d:/program_files/coocox/gnu tools arm embedded/4.7 2013q3/bin/../lib/gcc/arm-none-eabi/4.7.4/armv6-m\libgcc.a(divsf3.o)
 .data          0x00000000        0x0 d:/program_files/coocox/gnu tools arm embedded/4.7 2013q3/bin/../lib/gcc/arm-none-eabi/4.7.4/armv6-m\libgcc.a(divsf3.o)
 .bss           0x00000000        0x0 d:/program_files/coocox/gnu tools arm embedded/4.7 2013q3/bin/../lib/gcc/arm-none-eabi/4.7.4/armv6-m\libgcc.a(divsf3.o)
 .rodata        0x00000000       0x40 d:/program_files/coocox/gnu tools arm embedded/4.7 2013q3/bin/../lib/gcc/arm-none-eabi/4.7.4/armv6-m\libgcc.a(divsf3.o)
 .ARM.attributes
                0x00000000       0x2c d:/program_files/coocox/gnu tools arm embedded/4.7 2013q3/bin/../lib/gcc/arm-none-eabi/4.7.4/armv6-m\libgcc.a(divsf3.o)
 .debug_frame   0x00000000       0x3c d:/program_files/coocox/gnu tools arm embedded/4.7 2013q3/bin/../lib/gcc/arm-none-eabi/4.7.4/armv6-m\libgcc.a(divsf3.o)
 .text          0x00000000      0x260 d:/program_files/coocox/gnu tools arm embedded/4.7 2013q3/bin/../lib/gcc/arm-none-eabi/4.7.4/armv6-m\libgcc.a(mulsf3.o)
 .data          0x00000000        0x0 d:/program_files/coocox/gnu tools arm embedded/4.7 2013q3/bin/../lib/gcc/arm-none-eabi/4.7.4/armv6-m\libgcc.a(mulsf3.o)
 .bss           0x00000000        0x0 d:/program_files/coocox/gnu tools arm embedded/4.7 2013q3/bin/../lib/gcc/arm-none-eabi/4.7.4/armv6-m\libgcc.a(mulsf3.o)
 .rodata        0x00000000       0x40 d:/program_files/coocox/gnu tools arm embedded/4.7 2013q3/bin/../lib/gcc/arm-none-eabi/4.7.4/armv6-m\libgcc.a(mulsf3.o)
 .ARM.attributes
                0x00000000       0x2c d:/program_files/coocox/gnu tools arm embedded/4.7 2013q3/bin/../lib/gcc/arm-none-eabi/4.7.4/armv6-m\libgcc.a(mulsf3.o)
 .debug_frame   0x00000000       0x3c d:/program_files/coocox/gnu tools arm embedded/4.7 2013q3/bin/../lib/gcc/arm-none-eabi/4.7.4/armv6-m\libgcc.a(mulsf3.o)
 .text          0x00000000      0x3b4 d:/program_files/coocox/gnu tools arm embedded/4.7 2013q3/bin/../lib/gcc/arm-none-eabi/4.7.4/armv6-m\libgcc.a(subsf3.o)
 .data          0x00000000        0x0 d:/program_files/coocox/gnu tools arm embedded/4.7 2013q3/bin/../lib/gcc/arm-none-eabi/4.7.4/armv6-m\libgcc.a(subsf3.o)
 .bss           0x00000000        0x0 d:/program_files/coocox/gnu tools arm embedded/4.7 2013q3/bin/../lib/gcc/arm-none-eabi/4.7.4/armv6-m\libgcc.a(subsf3.o)
 .ARM.attributes
                0x00000000       0x2c d:/program_files/coocox/gnu tools arm embedded/4.7 2013q3/bin/../lib/gcc/arm-none-eabi/4.7.4/armv6-m\libgcc.a(subsf3.o)
 .debug_frame   0x00000000       0x30 d:/program_files/coocox/gnu tools arm embedded/4.7 2013q3/bin/../lib/gcc/arm-none-eabi/4.7.4/armv6-m\libgcc.a(subsf3.o)
 .text          0x00000000       0x40 d:/program_files/coocox/gnu tools arm embedded/4.7 2013q3/bin/../lib/gcc/arm-none-eabi/4.7.4/armv6-m\libgcc.a(fixsfsi.o)
 .data          0x00000000        0x0 d:/program_files/coocox/gnu tools arm embedded/4.7 2013q3/bin/../lib/gcc/arm-none-eabi/4.7.4/armv6-m\libgcc.a(fixsfsi.o)
 .bss           0x00000000        0x0 d:/program_files/coocox/gnu tools arm embedded/4.7 2013q3/bin/../lib/gcc/arm-none-eabi/4.7.4/armv6-m\libgcc.a(fixsfsi.o)
 .ARM.attributes
                0x00000000       0x2c d:/program_files/coocox/gnu tools arm embedded/4.7 2013q3/bin/../lib/gcc/arm-none-eabi/4.7.4/armv6-m\libgcc.a(fixsfsi.o)
 .debug_frame   0x00000000       0x20 d:/program_files/coocox/gnu tools arm embedded/4.7 2013q3/bin/../lib/gcc/arm-none-eabi/4.7.4/armv6-m\libgcc.a(fixsfsi.o)
 .text          0x00000000       0xa8 d:/program_files/coocox/gnu tools arm embedded/4.7 2013q3/bin/../lib/gcc/arm-none-eabi/4.7.4/armv6-m\libgcc.a(floatunsisf.o)
 .data          0x00000000        0x0 d:/program_files/coocox/gnu tools arm embedded/4.7 2013q3/bin/../lib/gcc/arm-none-eabi/4.7.4/armv6-m\libgcc.a(floatunsisf.o)
 .bss           0x00000000        0x0 d:/program_files/coocox/gnu tools arm embedded/4.7 2013q3/bin/../lib/gcc/arm-none-eabi/4.7.4/armv6-m\libgcc.a(floatunsisf.o)
 .ARM.attributes
                0x00000000       0x2c d:/program_files/coocox/gnu tools arm embedded/4.7 2013q3/bin/../lib/gcc/arm-none-eabi/4.7.4/armv6-m\libgcc.a(floatunsisf.o)
 .debug_frame   0x00000000       0x28 d:/program_files/coocox/gnu tools arm embedded/4.7 2013q3/bin/../lib/gcc/arm-none-eabi/4.7.4/armv6-m\libgcc.a(floatunsisf.o)
 .text          0x00000000       0x74 d:/program_files/coocox/gnu tools arm embedded/4.7 2013q3/bin/../lib/gcc/arm-none-eabi/4.7.4/armv6-m\libgcc.a(_arm_cmpsf2.o)
 .data          0x00000000        0x0 d:/program_files/coocox/gnu tools arm embedded/4.7 2013q3/bin/../lib/gcc/arm-none-eabi/4.7.4/armv6-m\libgcc.a(_arm_cmpsf2.o)
 .bss           0x00000000        0x0 d:/program_files/coocox/gnu tools arm embedded/4.7 2013q3/bin/../lib/gcc/arm-none-eabi/4.7.4/armv6-m\libgcc.a(_arm_cmpsf2.o)
 .ARM.attributes
                0x00000000       0x1e d:/program_files/coocox/gnu tools arm embedded/4.7 2013q3/bin/../lib/gcc/arm-none-eabi/4.7.4/armv6-m\libgcc.a(_arm_cmpsf2.o)
 .text          0x00000000       0x3c d:/program_files/coocox/gnu tools arm embedded/4.7 2013q3/bin/../lib/gcc/arm-none-eabi/4.7.4/armv6-m\libgcc.a(_clzsi2.o)
 .data          0x00000000        0x0 d:/program_files/coocox/gnu tools arm embedded/4.7 2013q3/bin/../lib/gcc/arm-none-eabi/4.7.4/armv6-m\libgcc.a(_clzsi2.o)
 .bss           0x00000000        0x0 d:/program_files/coocox/gnu tools arm embedded/4.7 2013q3/bin/../lib/gcc/arm-none-eabi/4.7.4/armv6-m\libgcc.a(_clzsi2.o)
 .ARM.attributes
                0x00000000       0x1e d:/program_files/coocox/gnu tools arm embedded/4.7 2013q3/bin/../lib/gcc/arm-none-eabi/4.7.4/armv6-m\libgcc.a(_clzsi2.o)
 .text          0x00000000       0x50 d:/program_files/coocox/gnu tools arm embedded/4.7 2013q3/bin/../lib/gcc/arm-none-eabi/4.7.4/armv6-m\libgcc.a(eqsf2.o)
 .data          0x00000000        0x0 d:/program_files/coocox/gnu tools arm embedded/4.7 2013q3/bin/../lib/gcc/arm-none-eabi/4.7.4/armv6-m\libgcc.a(eqsf2.o)
 .bss           0x00000000        0x0 d:/program_files/coocox/gnu tools arm embedded/4.7 2013q3/bin/../lib/gcc/arm-none-eabi/4.7.4/armv6-m\libgcc.a(eqsf2.o)
 .ARM.attributes
                0x00000000       0x2c d:/program_files/coocox/gnu tools arm embedded/4.7 2013q3/bin/../lib/gcc/arm-none-eabi/4.7.4/armv6-m\libgcc.a(eqsf2.o)
 .debug_frame   0x00000000       0x2c d:/program_files/coocox/gnu tools arm embedded/4.7 2013q3/bin/../lib/gcc/arm-none-eabi/4.7.4/armv6-m\libgcc.a(eqsf2.o)
 .text          0x00000000       0x90 d:/program_files/coocox/gnu tools arm embedded/4.7 2013q3/bin/../lib/gcc/arm-none-eabi/4.7.4/armv6-m\libgcc.a(gesf2.o)
 .data          0x00000000        0x0 d:/program_files/coocox/gnu tools arm embedded/4.7 2013q3/bin/../lib/gcc/arm-none-eabi/4.7.4/armv6-m\libgcc.a(gesf2.o)
 .bss           0x00000000        0x0 d:/program_files/coocox/gnu tools arm embedded/4.7 2013q3/bin/../lib/gcc/arm-none-eabi/4.7.4/armv6-m\libgcc.a(gesf2.o)
 .ARM.attributes
                0x00000000       0x2c d:/program_files/coocox/gnu tools arm embedded/4.7 2013q3/bin/../lib/gcc/arm-none-eabi/4.7.4/armv6-m\libgcc.a(gesf2.o)
 .debug_frame   0x00000000       0x30 d:/program_files/coocox/gnu tools arm embedded/4.7 2013q3/bin/../lib/gcc/arm-none-eabi/4.7.4/armv6-m\libgcc.a(gesf2.o)
 .text          0x00000000       0x90 d:/program_files/coocox/gnu tools arm embedded/4.7 2013q3/bin/../lib/gcc/arm-none-eabi/4.7.4/armv6-m\libgcc.a(lesf2.o)
 .data          0x00000000        0x0 d:/program_files/coocox/gnu tools arm embedded/4.7 2013q3/bin/../lib/gcc/arm-none-eabi/4.7.4/armv6-m\libgcc.a(lesf2.o)
 .bss           0x00000000        0x0 d:/program_files/coocox/gnu tools arm embedded/4.7 2013q3/bin/../lib/gcc/arm-none-eabi/4.7.4/armv6-m\libgcc.a(lesf2.o)
 .ARM.attributes
                0x00000000       0x2c d:/program_files/coocox/gnu tools arm embedded/4.7 2013q3/bin/../lib/gcc/arm-none-eabi/4.7.4/armv6-m\libgcc.a(lesf2.o)
 .debug_frame   0x00000000       0x30 d:/program_files/coocox/gnu tools arm embedded/4.7 2013q3/bin/../lib/gcc/arm-none-eabi/4.7.4/armv6-m\libgcc.a(lesf2.o)

Memory Configuration

Name             Origin             Length             Attributes
rom              0x08000000         0x00010000         xr
ram              0x20000000         0x00002000         xrw
*default*        0x00000000         0xffffffff

Linker script and memory map

                0x20002000                _eram = 0x20002000

.text           0x08000000     0x17dc
 *(.isr_vector .isr_vector.*)
 .isr_vector    0x08000000       0xc4 ..\obj\startup_stm32f0xx.o
                0x08000000                g_pfnVectors
 *(.text .text.* .gnu.linkonce.t.*)
 .text.RCC_DeInit
                0x080000c4       0x88 ..\obj\stm32f0xx_rcc.o
                0x080000c4                RCC_DeInit
 .text.RCC_HSEConfig
                0x0800014c       0x24 ..\obj\stm32f0xx_rcc.o
                0x0800014c                RCC_HSEConfig
 .text.RCC_WaitForHSEStartUp
                0x08000170       0x60 ..\obj\stm32f0xx_rcc.o
                0x08000170                RCC_WaitForHSEStartUp
 .text.RCC_HSICmd
                0x080001d0       0x38 ..\obj\stm32f0xx_rcc.o
                0x080001d0                RCC_HSICmd
 .text.RCC_PLLConfig
                0x08000208       0x34 ..\obj\stm32f0xx_rcc.o
                0x08000208                RCC_PLLConfig
 .text.RCC_PLLCmd
                0x0800023c       0x40 ..\obj\stm32f0xx_rcc.o
                0x0800023c                RCC_PLLCmd
 .text.RCC_PREDIV1Config
                0x0800027c       0x34 ..\obj\stm32f0xx_rcc.o
                0x0800027c                RCC_PREDIV1Config
 .text.RCC_SYSCLKConfig
                0x080002b0       0x34 ..\obj\stm32f0xx_rcc.o
                0x080002b0                RCC_SYSCLKConfig
 .text.RCC_GetSYSCLKSource
                0x080002e4       0x1c ..\obj\stm32f0xx_rcc.o
                0x080002e4                RCC_GetSYSCLKSource
 .text.RCC_HCLKConfig
                0x08000300       0x34 ..\obj\stm32f0xx_rcc.o
                0x08000300                RCC_HCLKConfig
 .text.RCC_PCLKConfig
                0x08000334       0x38 ..\obj\stm32f0xx_rcc.o
                0x08000334                RCC_PCLKConfig
 .text.RCC_ADCCLKConfig
                0x0800036c       0x50 ..\obj\stm32f0xx_rcc.o
                0x0800036c                RCC_ADCCLKConfig
 .text.RCC_I2CCLKConfig
                0x080003bc       0x2c ..\obj\stm32f0xx_rcc.o
                0x080003bc                RCC_I2CCLKConfig
 .text.RCC_AHBPeriphClockCmd
                0x080003e8       0x3c ..\obj\stm32f0xx_rcc.o
                0x080003e8                RCC_AHBPeriphClockCmd
 .text.RCC_APB1PeriphClockCmd
                0x08000424       0x3c ..\obj\stm32f0xx_rcc.o
                0x08000424                RCC_APB1PeriphClockCmd
 .text.RCC_GetFlagStatus
                0x08000460       0x90 ..\obj\stm32f0xx_rcc.o
                0x08000460                RCC_GetFlagStatus
 .text.LCDWriteRegister
                0x080004f0       0x2c ..\obj\main.o
                0x080004f0                LCDWriteRegister
 .text.LCDWriteCommand
                0x0800051c       0x50 ..\obj\main.o
                0x0800051c                LCDWriteCommand
 .text.LCDWriteData
                0x0800056c       0x48 ..\obj\main.o
                0x0800056c                LCDWriteData
 .text.DrawFillRectangle
                0x080005b4       0xfc ..\obj\main.o
                0x080005b4                DrawFillRectangle
 .text.InitLCD  0x080006b0       0xe8 ..\obj\main.o
                0x080006b0                InitLCD
 .text.DrawSymbol
                0x08000798      0x1ac ..\obj\main.o
                0x08000798                DrawSymbol
 .text.DrawText
                0x08000944       0x84 ..\obj\main.o
                0x08000944                DrawText
 .text.Delay    0x080009c8       0x1c ..\obj\main.o
                0x080009c8                Delay
 .text.RCC_Configuration
                0x080009e4       0x88 ..\obj\main.o
                0x080009e4                RCC_Configuration
 .text.GPIO_Configuration
                0x08000a6c       0x70 ..\obj\main.o
                0x08000a6c                GPIO_Configuration
 .text.SPI_Configuration
                0x08000adc       0x68 ..\obj\main.o
                0x08000adc                SPI_Configuration
 .text.main     0x08000b44      0x108 ..\obj\main.o
                0x08000b44                main
 .text.Reset_Handler
                0x08000c4c       0x44 ..\obj\startup_stm32f0xx.o
                0x08000c4c                Reset_Handler
 .text.Default_Handler
                0x08000c90        0x2 ..\obj\startup_stm32f0xx.o
                0x08000c90                TIM1_CC_IRQHandler
                0x08000c90                HardFault_Handler
                0x08000c90                ADC1_COMP_IRQHandler
                0x08000c90                SysTick_Handler
                0x08000c90                PVD_IRQHandler
                0x08000c90                PendSV_Handler
                0x08000c90                NMI_Handler
                0x08000c90                I2C1_IRQHandler
                0x08000c90                SPI1_IRQHandler
                0x08000c90                TIM6_DAC_IRQHandler
                0x08000c90                EXTI2_3_IRQHandler
                0x08000c90                I2C2_IRQHandler
                0x08000c90                TIM17_IRQHandler
                0x08000c90                RTC_IRQHandler
                0x08000c90                TIM16_IRQHandler
                0x08000c90                TIM3_IRQHandler
                0x08000c90                EXTI4_15_IRQHandler
                0x08000c90                RCC_IRQHandler
                0x08000c90                DMA1_Channel1_IRQHandler
                0x08000c90                Default_Handler
                0x08000c90                CEC_IRQHandler
                0x08000c90                TIM14_IRQHandler
                0x08000c90                DMA1_Channel4_5_IRQHandler
                0x08000c90                TIM15_IRQHandler
                0x08000c90                EXTI0_1_IRQHandler
                0x08000c90                SPI2_IRQHandler
                0x08000c90                SVC_Handler
                0x08000c90                TS_IRQHandler
                0x08000c90                WWDG_IRQHandler
                0x08000c90                TIM2_IRQHandler
                0x08000c90                DMA1_Channel2_3_IRQHandler
                0x08000c90                USART2_IRQHandler
                0x08000c90                FLASH_IRQHandler
                0x08000c90                USART1_IRQHandler
                0x08000c90                TIM1_BRK_UP_TRG_COM_IRQHandler
 *fill*         0x08000c92        0x2 00
 .text.SPI_Init
                0x08000c94      0x104 ..\obj\stm32f0xx_spi.o
                0x08000c94                SPI_Init
 .text.SPI_Cmd  0x08000d98       0x40 ..\obj\stm32f0xx_spi.o
                0x08000d98                SPI_Cmd
 .text.GPIO_Init
                0x08000dd8      0x138 ..\obj\stm32f0xx_gpio.o
                0x08000dd8                GPIO_Init
 .text.SystemInit
                0x08000f10       0x8c ..\obj\system_stm32f0xx.o
                0x08000f10                SystemInit
 .text.SetSysClock
                0x08000f9c       0xe0 ..\obj\system_stm32f0xx.o
 .text.FLASH_SetLatency
                0x0800107c       0x34 ..\obj\stm32f0xx_flash.o
                0x0800107c                FLASH_SetLatency
 .text.FLASH_PrefetchBufferCmd
                0x080010b0       0x38 ..\obj\stm32f0xx_flash.o
                0x080010b0                FLASH_PrefetchBufferCmd
 .text          0x080010e8       0xc0 d:/program_files/coocox/gnu tools arm embedded/4.7 2013q3/bin/../lib/gcc/arm-none-eabi/4.7.4/armv6-m\libgcc.a(_divsi3.o)
                0x080010e8                __divsi3
                0x080010e8                __aeabi_idiv
                0x08001194                __aeabi_idivmod
 .text          0x080011a8        0x4 d:/program_files/coocox/gnu tools arm embedded/4.7 2013q3/bin/../lib/gcc/arm-none-eabi/4.7.4/armv6-m\libgcc.a(_dvmd_tls.o)
                0x080011a8                __aeabi_idiv0
                0x080011a8                __aeabi_ldiv0
 *(.glue_7t)
 .glue_7t       0x00000000        0x0 linker stubs
 *(.glue_7)
 .glue_7        0x00000000        0x0 linker stubs
 *(.rodata .rodata* .gnu.linkonce.r.*)
 .rodata        0x080011ac      0x630 ..\obj\main.o
                0x080011ac                Font6x8

.vfp11_veneer   0x080017dc        0x0
 .vfp11_veneer  0x00000000        0x0 linker stubs

.v4_bx          0x080017dc        0x0
 .v4_bx         0x00000000        0x0 linker stubs

.iplt           0x080017dc        0x0
 .iplt          0x00000000        0x0 ..\obj\stm32f0xx_rcc.o

.rel.dyn        0x080017dc        0x0
 .rel.iplt      0x00000000        0x0 ..\obj\stm32f0xx_rcc.o

.ARM.extab
 *(.ARM.extab* .gnu.linkonce.armextab.*)
                0x080017dc                __exidx_start = .

.ARM.exidx
 *(.ARM.exidx* .gnu.linkonce.armexidx.*)
                0x080017dc                __exidx_end = .
                0x080017dc                . = ALIGN (0x4)
                0x080017dc                _etext = .
                0x080017dc                _sidata = .

.data           0x20000000        0x0 load address 0x080017dc
                0x20000000                _sdata = .
 *(.data .data.*)
                0x20000000                . = ALIGN (0x4)
                0x20000000                _edata = .

.igot.plt       0x20000000        0x0
 .igot.plt      0x00000000        0x0 ..\obj\stm32f0xx_rcc.o

.bss            0x20000000        0x0
                0x20000000                _sbss = .
 *(.bss .bss.*)
 *(COMMON)
                0x20000000                . = ALIGN (0x4)
                0x20000000                _ebss = .

.co_stack       0x20000000        0x0
                0x20000000                . = ALIGN (0x8)
 *(.co_stack .co_stack.*)
                0x20000000                . = ALIGN (0x4)
                0x20000000                _end = .
LOAD ..\obj\stm32f0xx_rcc.o
LOAD ..\obj\stm32f0xx_adc.o
LOAD ..\obj\main.o
LOAD ..\obj\startup_stm32f0xx.o
LOAD ..\obj\stm32f0xx_spi.o
LOAD ..\obj\stm32f0xx_gpio.o
LOAD ..\obj\stm32f0xx_tim.o
LOAD ..\obj\system_stm32f0xx.o
LOAD ..\obj\stm32f0xx_flash.o
LOAD ..\obj\core_cm0.o
START GROUP
LOAD d:/program_files/coocox/gnu tools arm embedded/4.7 2013q3/bin/../lib/gcc/arm-none-eabi/4.7.4/armv6-m\libgcc.a
LOAD d:/program_files/coocox/gnu tools arm embedded/4.7 2013q3/bin/../lib/gcc/arm-none-eabi/4.7.4/../../../../arm-none-eabi/lib/armv6-m\libg.a
LOAD d:/program_files/coocox/gnu tools arm embedded/4.7 2013q3/bin/../lib/gcc/arm-none-eabi/4.7.4/../../../../arm-none-eabi/lib/armv6-m\libc.a
END GROUP
OUTPUT(Project3.elf elf32-littlearm)

.debug_info     0x00000000     0x3626
 .debug_info    0x00000000      0xa63 ..\obj\stm32f0xx_rcc.o
 .debug_info    0x00000a63      0xe80 ..\obj\main.o
 .debug_info    0x000018e3       0xae ..\obj\startup_stm32f0xx.o
 .debug_info    0x00001991      0xb56 ..\obj\stm32f0xx_spi.o
 .debug_info    0x000024e7      0x618 ..\obj\stm32f0xx_gpio.o
 .debug_info    0x00002aff      0x30f ..\obj\system_stm32f0xx.o
 .debug_info    0x00002e0e      0x818 ..\obj\stm32f0xx_flash.o

.debug_abbrev   0x00000000      0xa2c
 .debug_abbrev  0x00000000      0x1ee ..\obj\stm32f0xx_rcc.o
 .debug_abbrev  0x000001ee      0x1f7 ..\obj\main.o
 .debug_abbrev  0x000003e5       0x12 ..\obj\startup_stm32f0xx.o
 .debug_abbrev  0x000003f7      0x1a3 ..\obj\stm32f0xx_spi.o
 .debug_abbrev  0x0000059a      0x190 ..\obj\stm32f0xx_gpio.o
 .debug_abbrev  0x0000072a      0x136 ..\obj\system_stm32f0xx.o
 .debug_abbrev  0x00000860      0x1cc ..\obj\stm32f0xx_flash.o

.debug_loc      0x00000000     0x1cfa
 .debug_loc     0x00000000      0x864 ..\obj\stm32f0xx_rcc.o
 .debug_loc     0x00000864      0x454 ..\obj\main.o
 .debug_loc     0x00000cb8      0x6ca ..\obj\stm32f0xx_spi.o
 .debug_loc     0x00001382      0x2d8 ..\obj\stm32f0xx_gpio.o
 .debug_loc     0x0000165a       0x9c ..\obj\system_stm32f0xx.o
 .debug_loc     0x000016f6      0x604 ..\obj\stm32f0xx_flash.o

.debug_aranges  0x00000000      0x4f0
 .debug_aranges
                0x00000000      0x150 ..\obj\stm32f0xx_rcc.o
 .debug_aranges
                0x00000150       0xb8 ..\obj\main.o
 .debug_aranges
                0x00000208       0x28 ..\obj\startup_stm32f0xx.o
 .debug_aranges
                0x00000230      0x110 ..\obj\stm32f0xx_spi.o
 .debug_aranges
                0x00000340       0x80 ..\obj\stm32f0xx_gpio.o
 .debug_aranges
                0x000003c0       0x30 ..\obj\system_stm32f0xx.o
 .debug_aranges
                0x000003f0      0x100 ..\obj\stm32f0xx_flash.o

.debug_ranges   0x00000000      0x488
 .debug_ranges  0x00000000      0x140 ..\obj\stm32f0xx_rcc.o
 .debug_ranges  0x00000140       0xa8 ..\obj\main.o
 .debug_ranges  0x000001e8       0x20 ..\obj\startup_stm32f0xx.o
 .debug_ranges  0x00000208      0x100 ..\obj\stm32f0xx_spi.o
 .debug_ranges  0x00000308       0x70 ..\obj\stm32f0xx_gpio.o
 .debug_ranges  0x00000378       0x20 ..\obj\system_stm32f0xx.o
 .debug_ranges  0x00000398       0xf0 ..\obj\stm32f0xx_flash.o

.debug_line     0x00000000     0x16fd
 .debug_line    0x00000000      0x4cc ..\obj\stm32f0xx_rcc.o
 .debug_line    0x000004cc      0x4e6 ..\obj\main.o
 .debug_line    0x000009b2       0xad ..\obj\startup_stm32f0xx.o
 .debug_line    0x00000a5f      0x443 ..\obj\stm32f0xx_spi.o
 .debug_line    0x00000ea2      0x2a7 ..\obj\stm32f0xx_gpio.o
 .debug_line    0x00001149      0x177 ..\obj\system_stm32f0xx.o
 .debug_line    0x000012c0      0x43d ..\obj\stm32f0xx_flash.o

.debug_str      0x00000000     0x16ec
 .debug_str     0x00000000      0x647 ..\obj\stm32f0xx_rcc.o
                                0x6cb (size before relaxing)
 .debug_str     0x00000647      0x71e ..\obj\main.o
                                0x844 (size before relaxing)
 .debug_str     0x00000d65      0x3bd ..\obj\stm32f0xx_spi.o
                                0x6a4 (size before relaxing)
 .debug_str     0x00001122      0x18e ..\obj\stm32f0xx_gpio.o
                                0x432 (size before relaxing)
 .debug_str     0x000012b0       0xa7 ..\obj\system_stm32f0xx.o
                                0x23c (size before relaxing)
 .debug_str     0x00001357      0x395 ..\obj\stm32f0xx_flash.o
                                0x525 (size before relaxing)

.comment        0x00000000       0xe0
 .comment       0x00000000       0x70 ..\obj\stm32f0xx_rcc.o
                                 0x71 (size before relaxing)
 .comment       0x00000070       0x70 ..\obj\main.o
                                 0x71 (size before relaxing)
 .comment       0x00000000       0x71 ..\obj\stm32f0xx_spi.o
 .comment       0x00000000       0x71 ..\obj\stm32f0xx_gpio.o
 .comment       0x00000000       0x71 ..\obj\system_stm32f0xx.o
 .comment       0x00000000       0x71 ..\obj\stm32f0xx_flash.o

.ARM.attributes
                0x00000000       0x2f
 .ARM.attributes
                0x00000000       0x31 ..\obj\stm32f0xx_rcc.o
 .ARM.attributes
                0x00000031       0x31 ..\obj\main.o
 .ARM.attributes
                0x00000062       0x21 ..\obj\startup_stm32f0xx.o
 .ARM.attributes
                0x00000083       0x31 ..\obj\stm32f0xx_spi.o
 .ARM.attributes
                0x000000b4       0x31 ..\obj\stm32f0xx_gpio.o
 .ARM.attributes
                0x000000e5       0x31 ..\obj\system_stm32f0xx.o
 .ARM.attributes
                0x00000116       0x31 ..\obj\stm32f0xx_flash.o
 .ARM.attributes
                0x00000147       0x1e d:/program_files/coocox/gnu tools arm embedded/4.7 2013q3/bin/../lib/gcc/arm-none-eabi/4.7.4/armv6-m\libgcc.a(_divsi3.o)
 .ARM.attributes
                0x00000165       0x1e d:/program_files/coocox/gnu tools arm embedded/4.7 2013q3/bin/../lib/gcc/arm-none-eabi/4.7.4/armv6-m\libgcc.a(_dvmd_tls.o)

.debug_frame    0x00000000     0x1130
 .debug_frame   0x00000000      0x4e4 ..\obj\stm32f0xx_rcc.o
 .debug_frame   0x000004e4      0x28c ..\obj\main.o
 .debug_frame   0x00000770      0x3f0 ..\obj\stm32f0xx_spi.o
 .debug_frame   0x00000b60      0x1b0 ..\obj\stm32f0xx_gpio.o
 .debug_frame   0x00000d10       0x6c ..\obj\system_stm32f0xx.o
 .debug_frame   0x00000d7c      0x394 ..\obj\stm32f0xx_flash.o
 .debug_frame   0x00001110       0x20 d:/program_files/coocox/gnu tools arm embedded/4.7 2013q3/bin/../lib/gcc/arm-none-eabi/4.7.4/armv6-m\libgcc.a(_divsi3.o)
