ARM Linker, 4.1 [Build 894] [Evaluation]

==============================================================================

Section Cross References

    startup_stm32f0xx.o(RESET) refers to startup_stm32f0xx.o(STACK) for __initial_sp
    startup_stm32f0xx.o(RESET) refers to startup_stm32f0xx.o(.text) for Reset_Handler
    startup_stm32f0xx.o(.text) refers to startup.o(GeneralCodeSector) for SystemInit


==============================================================================

Image Symbol Table

    Local Symbols

    Symbol Name                              Value     Ov Type        Size  Object(Section)

    Startup.asm                              0x00000000   Number         0  startup.o ABSOLUTE
    startup_stm32f0xx.s                      0x00000000   Number         0  startup_stm32f0xx.o ABSOLUTE
    RESET                                    0x08000000   Section      192  startup_stm32f0xx.o(RESET)
    .text                                    0x080000c0   Section       28  startup_stm32f0xx.o(.text)
    GeneralCodeSector                        0x080000dc   Section       12  startup.o(GeneralCodeSector)
    STACK                                    0x20000000   Section     1024  startup_stm32f0xx.o(STACK)
    __initial_sp                             0x20000400   Data           0  startup_stm32f0xx.o(STACK)

    Global Symbols

    Symbol Name                              Value     Ov Type        Size  Object(Section)

    BuildAttributes$$THM_ISAv3M$S$PE$A:L22$X:L11$S22$IEEE1$IW$USESV6$~STKCKD$USESV7$~SHL$OSPACE$EBA8$STANDARDLIB$PRES8$EABIv2 0x00000000   Number         0  anon$$obj.o ABSOLUTE
    __Vectors_Size                           0x000000c0   Number         0  startup_stm32f0xx.o ABSOLUTE
    __Vectors                                0x08000000   Data           4  startup_stm32f0xx.o(RESET)
    Reset_Handler                            0x080000c1   Thumb Code     8  startup_stm32f0xx.o(.text)
    __Vectors_End                            0x080000c0   Data           0  startup_stm32f0xx.o(RESET)
    NMI_Handler                              0x080000c9   Thumb Code     2  startup_stm32f0xx.o(.text)
    HardFault_Handler                        0x080000cb   Thumb Code     2  startup_stm32f0xx.o(.text)
    SVC_Handler                              0x080000cd   Thumb Code     2  startup_stm32f0xx.o(.text)
    PendSV_Handler                           0x080000cf   Thumb Code     2  startup_stm32f0xx.o(.text)
    SysTick_Handler                          0x080000d1   Thumb Code     2  startup_stm32f0xx.o(.text)
    ADC1_COMP_IRQHandler                     0x080000d3   Thumb Code     0  startup_stm32f0xx.o(.text)
    CEC_IRQHandler                           0x080000d3   Thumb Code     0  startup_stm32f0xx.o(.text)
    DMA1_Channel1_IRQHandler                 0x080000d3   Thumb Code     0  startup_stm32f0xx.o(.text)
    DMA1_Channel2_3_IRQHandler               0x080000d3   Thumb Code     0  startup_stm32f0xx.o(.text)
    DMA1_Channel4_5_IRQHandler               0x080000d3   Thumb Code     0  startup_stm32f0xx.o(.text)
    EXTI0_1_IRQHandler                       0x080000d3   Thumb Code     0  startup_stm32f0xx.o(.text)
    EXTI2_3_IRQHandler                       0x080000d3   Thumb Code     0  startup_stm32f0xx.o(.text)
    EXTI4_15_IRQHandler                      0x080000d3   Thumb Code     0  startup_stm32f0xx.o(.text)
    FLASH_IRQHandler                         0x080000d3   Thumb Code     0  startup_stm32f0xx.o(.text)
    I2C1_IRQHandler                          0x080000d3   Thumb Code     0  startup_stm32f0xx.o(.text)
    I2C2_IRQHandler                          0x080000d3   Thumb Code     0  startup_stm32f0xx.o(.text)
    PVD_IRQHandler                           0x080000d3   Thumb Code     0  startup_stm32f0xx.o(.text)
    RCC_IRQHandler                           0x080000d3   Thumb Code     0  startup_stm32f0xx.o(.text)
    RTC_IRQHandler                           0x080000d3   Thumb Code     0  startup_stm32f0xx.o(.text)
    SPI1_IRQHandler                          0x080000d3   Thumb Code     0  startup_stm32f0xx.o(.text)
    SPI2_IRQHandler                          0x080000d3   Thumb Code     0  startup_stm32f0xx.o(.text)
    TIM14_IRQHandler                         0x080000d3   Thumb Code     0  startup_stm32f0xx.o(.text)
    TIM15_IRQHandler                         0x080000d3   Thumb Code     0  startup_stm32f0xx.o(.text)
    TIM16_IRQHandler                         0x080000d3   Thumb Code     0  startup_stm32f0xx.o(.text)
    TIM17_IRQHandler                         0x080000d3   Thumb Code     0  startup_stm32f0xx.o(.text)
    TIM1_BRK_UP_TRG_COM_IRQHandler           0x080000d3   Thumb Code     0  startup_stm32f0xx.o(.text)
    TIM1_CC_IRQHandler                       0x080000d3   Thumb Code     0  startup_stm32f0xx.o(.text)
    TIM2_IRQHandler                          0x080000d3   Thumb Code     0  startup_stm32f0xx.o(.text)
    TIM3_IRQHandler                          0x080000d3   Thumb Code     0  startup_stm32f0xx.o(.text)
    TIM6_DAC_IRQHandler                      0x080000d3   Thumb Code     0  startup_stm32f0xx.o(.text)
    TS_IRQHandler                            0x080000d3   Thumb Code     0  startup_stm32f0xx.o(.text)
    USART1_IRQHandler                        0x080000d3   Thumb Code     0  startup_stm32f0xx.o(.text)
    USART2_IRQHandler                        0x080000d3   Thumb Code     0  startup_stm32f0xx.o(.text)
    WWDG_IRQHandler                          0x080000d3   Thumb Code     0  startup_stm32f0xx.o(.text)
    SystemInit                               0x080000dd   Thumb Code     6  startup.o(GeneralCodeSector)
    __main                                   0x080000e3   Thumb Code     6  startup.o(GeneralCodeSector)



==============================================================================

Memory Map of the image

  Image Entry point : 0x080000c1

  Load Region LR_1 (Base: 0x08000000, Size: 0x000000e8, Max: 0xffffffff, ABSOLUTE)

    Execution Region ER_RO (Base: 0x08000000, Size: 0x000000e8, Max: 0xffffffff, ABSOLUTE)

    Base Addr    Size         Type   Attr      Idx    E Section Name        Object

    0x08000000   0x000000c0   Data   RO            2    RESET               startup_stm32f0xx.o
    0x080000c0   0x0000001c   Code   RO            3  * .text               startup_stm32f0xx.o
    0x080000dc   0x0000000c   Code   RO            9    GeneralCodeSector   startup.o


    Execution Region ER_RW (Base: 0x20000000, Size: 0x00000000, Max: 0xffffffff, ABSOLUTE)

    **** No section assigned to this execution region ****


    Execution Region ER_ZI (Base: 0x20000000, Size: 0x00000400, Max: 0xffffffff, ABSOLUTE)

    Base Addr    Size         Type   Attr      Idx    E Section Name        Object

    0x20000000   0x00000400   Zero   RW            1    STACK               startup_stm32f0xx.o


==============================================================================

Image component sizes


      Code (inc. data)   RO Data    RW Data    ZI Data      Debug   Object Name

        12          0          0          0          0        304   startup.o
        28          8        192          0       1024        576   startup_stm32f0xx.o

    ----------------------------------------------------------------------
        40          8        192          0       1024        880   Object Totals
         0          0          0          0          0          0   (incl. Generated)
         0          0          0          0          0          0   (incl. Padding)

    ----------------------------------------------------------------------
         0          0          0          0          0          0   Library Totals
         0          0          0          0          0          0   (incl. Padding)

    ----------------------------------------------------------------------

==============================================================================


      Code (inc. data)   RO Data    RW Data    ZI Data      Debug   

        40          8        192          0       1024        828   Grand Totals
        40          8        192          0       1024        828   ELF Image Totals
        40          8        192          0          0          0   ROM Totals

==============================================================================

    Total RO  Size (Code + RO Data)                  232 (   0.23kB)
    Total RW  Size (RW Data + ZI Data)              1024 (   1.00kB)
    Total ROM Size (Code + RO Data + RW Data)        232 (   0.23kB)

==============================================================================

